Archive member included to satisfy reference by file (symbol)

e:/armgnu/10 2021.10/bin/../lib/gcc/arm-none-eabi/10.3.1/../../../../arm-none-eabi/lib/thumb/v7-m/nofp\libstdc++.a(atexit_arm.o)
                              CMakeFiles/Logistics_Car.elf.dir/Mixplus/Src/mixplus.cpp.obj (__aeabi_atexit)
e:/armgnu/10 2021.10/bin/../lib/gcc/arm-none-eabi/10.3.1/../../../../arm-none-eabi/lib/thumb/v7-m/nofp\libstdc++.a(del_ops.o)
                              CMakeFiles/Logistics_Car.elf.dir/Mixplus/Src/mixplus.cpp.obj (operator delete(void*, unsigned int))
e:/armgnu/10 2021.10/bin/../lib/gcc/arm-none-eabi/10.3.1/../../../../arm-none-eabi/lib/thumb/v7-m/nofp\libstdc++.a(del_opv.o)
                              CMakeFiles/Logistics_Car.elf.dir/Mixplus/Src/mixplus.cpp.obj (operator delete[](void*))
e:/armgnu/10 2021.10/bin/../lib/gcc/arm-none-eabi/10.3.1/../../../../arm-none-eabi/lib/thumb/v7-m/nofp\libstdc++.a(eh_arm.o)
                              CMakeFiles/Logistics_Car.elf.dir/Mixplus/Src/mixplus.cpp.obj (__cxa_end_cleanup)
e:/armgnu/10 2021.10/bin/../lib/gcc/arm-none-eabi/10.3.1/../../../../arm-none-eabi/lib/thumb/v7-m/nofp\libstdc++.a(eh_exception.o)
                              e:/armgnu/10 2021.10/bin/../lib/gcc/arm-none-eabi/10.3.1/../../../../arm-none-eabi/lib/thumb/v7-m/nofp\libstdc++.a(eh_arm.o) (typeinfo for __cxxabiv1::__forced_unwind)
e:/armgnu/10 2021.10/bin/../lib/gcc/arm-none-eabi/10.3.1/../../../../arm-none-eabi/lib/thumb/v7-m/nofp\libstdc++.a(eh_globals.o)
                              e:/armgnu/10 2021.10/bin/../lib/gcc/arm-none-eabi/10.3.1/../../../../arm-none-eabi/lib/thumb/v7-m/nofp\libstdc++.a(eh_arm.o) (__cxa_get_globals)
e:/armgnu/10 2021.10/bin/../lib/gcc/arm-none-eabi/10.3.1/../../../../arm-none-eabi/lib/thumb/v7-m/nofp\libstdc++.a(eh_personality.o)
                              CMakeFiles/Logistics_Car.elf.dir/Mixplus/Src/mixplus.cpp.obj (__gxx_personality_v0)
e:/armgnu/10 2021.10/bin/../lib/gcc/arm-none-eabi/10.3.1/../../../../arm-none-eabi/lib/thumb/v7-m/nofp\libstdc++.a(eh_terminate.o)
                              e:/armgnu/10 2021.10/bin/../lib/gcc/arm-none-eabi/10.3.1/../../../../arm-none-eabi/lib/thumb/v7-m/nofp\libstdc++.a(eh_arm.o) (std::terminate())
e:/armgnu/10 2021.10/bin/../lib/gcc/arm-none-eabi/10.3.1/../../../../arm-none-eabi/lib/thumb/v7-m/nofp\libstdc++.a(eh_unex_handler.o)
                              e:/armgnu/10 2021.10/bin/../lib/gcc/arm-none-eabi/10.3.1/../../../../arm-none-eabi/lib/thumb/v7-m/nofp\libstdc++.a(eh_terminate.o) (__cxxabiv1::__unexpected_handler)
e:/armgnu/10 2021.10/bin/../lib/gcc/arm-none-eabi/10.3.1/../../../../arm-none-eabi/lib/thumb/v7-m/nofp\libstdc++.a(new_op.o)
                              CMakeFiles/Logistics_Car.elf.dir/Mixplus/Src/mixplus.cpp.obj (operator new(unsigned int))
e:/armgnu/10 2021.10/bin/../lib/gcc/arm-none-eabi/10.3.1/../../../../arm-none-eabi/lib/thumb/v7-m/nofp\libstdc++.a(new_opv.o)
                              CMakeFiles/Logistics_Car.elf.dir/Mixplus/Src/mixplus.cpp.obj (operator new[](unsigned int))
e:/armgnu/10 2021.10/bin/../lib/gcc/arm-none-eabi/10.3.1/../../../../arm-none-eabi/lib/thumb/v7-m/nofp\libstdc++.a(pure.o)
                              e:/armgnu/10 2021.10/bin/../lib/gcc/arm-none-eabi/10.3.1/../../../../arm-none-eabi/lib/thumb/v7-m/nofp\libstdc++.a(eh_exception.o) (__cxa_pure_virtual)
e:/armgnu/10 2021.10/bin/../lib/gcc/arm-none-eabi/10.3.1/../../../../arm-none-eabi/lib/thumb/v7-m/nofp\libstdc++.a(si_class_type_info.o)
                              e:/armgnu/10 2021.10/bin/../lib/gcc/arm-none-eabi/10.3.1/../../../../arm-none-eabi/lib/thumb/v7-m/nofp\libstdc++.a(eh_exception.o) (vtable for __cxxabiv1::__si_class_type_info)
e:/armgnu/10 2021.10/bin/../lib/gcc/arm-none-eabi/10.3.1/../../../../arm-none-eabi/lib/thumb/v7-m/nofp\libstdc++.a(tinfo.o)
                              e:/armgnu/10 2021.10/bin/../lib/gcc/arm-none-eabi/10.3.1/../../../../arm-none-eabi/lib/thumb/v7-m/nofp\libstdc++.a(si_class_type_info.o) (std::type_info::__is_pointer_p() const)
e:/armgnu/10 2021.10/bin/../lib/gcc/arm-none-eabi/10.3.1/../../../../arm-none-eabi/lib/thumb/v7-m/nofp\libstdc++.a(vterminate.o)
                              e:/armgnu/10 2021.10/bin/../lib/gcc/arm-none-eabi/10.3.1/../../../../arm-none-eabi/lib/thumb/v7-m/nofp\libstdc++.a(eh_terminate.o) (__gnu_cxx::__verbose_terminate_handler())
e:/armgnu/10 2021.10/bin/../lib/gcc/arm-none-eabi/10.3.1/../../../../arm-none-eabi/lib/thumb/v7-m/nofp\libstdc++.a(tree.o)
                              CMakeFiles/Logistics_Car.elf.dir/Mixplus/Src/mixplus.cpp.obj (std::_Rb_tree_increment(std::_Rb_tree_node_base*))
e:/armgnu/10 2021.10/bin/../lib/gcc/arm-none-eabi/10.3.1/../../../../arm-none-eabi/lib/thumb/v7-m/nofp\libstdc++.a(functexcept.o)
                              CMakeFiles/Logistics_Car.elf.dir/Mixplus/Src/mixplus.cpp.obj (std::__throw_bad_alloc())
[...]
Memory Configuration

Name             Origin             Length             Attributes
RAM              0x20000000         0x00010000         xrw
FLASH            0x08000000         0x00080000         xr
*default*        0x00000000         0xffffffff

Linker script and memory map

LOAD e:/armgnu/10 2021.10/bin/../lib/gcc/arm-none-eabi/10.3.1/thumb/v7-m/nofp/crti.o
LOAD e:/armgnu/10 2021.10/bin/../lib/gcc/arm-none-eabi/10.3.1/thumb/v7-m/nofp/crtbegin.o
LOAD e:/armgnu/10 2021.10/bin/../lib/gcc/arm-none-eabi/10.3.1/../../../../arm-none-eabi/lib/thumb/v7-m/nofp/crt0.o
LOAD CMakeFiles/Logistics_Car.elf.dir/Core/Inc/bsp_ili9341_lcd.c.obj
LOAD CMakeFiles/Logistics_Car.elf.dir/Core/Inc/fonts.c.obj
LOAD CMakeFiles/Logistics_Car.elf.dir/Core/Src/fsmc.c.obj
LOAD CMakeFiles/Logistics_Car.elf.dir/Core/Src/gpio.c.obj
LOAD CMakeFiles/Logistics_Car.elf.dir/Core/Src/main.c.obj
LOAD CMakeFiles/Logistics_Car.elf.dir/Core/Src/sdio.c.obj
LOAD CMakeFiles/Logistics_Car.elf.dir/Core/Src/stm32f1xx_hal_msp.c.obj
LOAD CMakeFiles/Logistics_Car.elf.dir/Core/Src/stm32f1xx_it.c.obj
LOAD CMakeFiles/Logistics_Car.elf.dir/Core/Src/syscalls.c.obj
LOAD CMakeFiles/Logistics_Car.elf.dir/Core/Src/sysmem.c.obj
LOAD CMakeFiles/Logistics_Car.elf.dir/Core/Src/system_stm32f1xx.c.obj
LOAD CMakeFiles/Logistics_Car.elf.dir/Core/Src/tim.c.obj
LOAD CMakeFiles/Logistics_Car.elf.dir/Core/Src/usart.c.obj
LOAD CMakeFiles/Logistics_Car.elf.dir/Core/Startup/startup_stm32f103zetx.s.obj
LOAD CMakeFiles/Logistics_Car.elf.dir/Drivers/STM32F1xx_HAL_Driver/Src/stm32f1xx_hal.c.obj
LOAD CMakeFiles/Logistics_Car.elf.dir/Drivers/STM32F1xx_HAL_Driver/Src/stm32f1xx_hal_cortex.c.obj
LOAD CMakeFiles/Logistics_Car.elf.dir/Drivers/STM32F1xx_HAL_Driver/Src/stm32f1xx_hal_dma.c.obj
LOAD CMakeFiles/Logistics_Car.elf.dir/Drivers/STM32F1xx_HAL_Driver/Src/stm32f1xx_hal_exti.c.obj
LOAD CMakeFiles/Logistics_Car.elf.dir/Drivers/STM32F1xx_HAL_Driver/Src/stm32f1xx_hal_flash.c.obj
LOAD CMakeFiles/Logistics_Car.elf.dir/Drivers/STM32F1xx_HAL_Driver/Src/stm32f1xx_hal_flash_ex.c.obj
LOAD CMakeFiles/Logistics_Car.elf.dir/Drivers/STM32F1xx_HAL_Driver/Src/stm32f1xx_hal_gpio.c.obj
LOAD CMakeFiles/Logistics_Car.elf.dir/Drivers/STM32F1xx_HAL_Driver/Src/stm32f1xx_hal_gpio_ex.c.obj
LOAD CMakeFiles/Logistics_Car.elf.dir/Drivers/STM32F1xx_HAL_Driver/Src/stm32f1xx_hal_pcd.c.obj
LOAD CMakeFiles/Logistics_Car.elf.dir/Drivers/STM32F1xx_HAL_Driver/Src/stm32f1xx_hal_pcd_ex.c.obj
LOAD CMakeFiles/Logistics_Car.elf.dir/Drivers/STM32F1xx_HAL_Driver/Src/stm32f1xx_hal_pwr.c.obj
LOAD CMakeFiles/Logistics_Car.elf.dir/Drivers/STM32F1xx_HAL_Driver/Src/stm32f1xx_hal_rcc.c.obj
LOAD CMakeFiles/Logistics_Car.elf.dir/Drivers/STM32F1xx_HAL_Driver/Src/stm32f1xx_hal_rcc_ex.c.obj
LOAD CMakeFiles/Logistics_Car.elf.dir/Drivers/STM32F1xx_HAL_Driver/Src/stm32f1xx_hal_sd.c.obj
LOAD CMakeFiles/Logistics_Car.elf.dir/Drivers/STM32F1xx_HAL_Driver/Src/stm32f1xx_hal_sram.c.obj
LOAD CMakeFiles/Logistics_Car.elf.dir/Drivers/STM32F1xx_HAL_Driver/Src/stm32f1xx_hal_tim.c.obj
LOAD CMakeFiles/Logistics_Car.elf.dir/Drivers/STM32F1xx_HAL_Driver/Src/stm32f1xx_hal_tim_ex.c.obj
LOAD CMakeFiles/Logistics_Car.elf.dir/Drivers/STM32F1xx_HAL_Driver/Src/stm32f1xx_hal_uart.c.obj
LOAD CMakeFiles/Logistics_Car.elf.dir/Drivers/STM32F1xx_HAL_Driver/Src/stm32f1xx_ll_fsmc.c.obj
LOAD CMakeFiles/Logistics_Car.elf.dir/Drivers/STM32F1xx_HAL_Driver/Src/stm32f1xx_ll_sdmmc.c.obj
LOAD CMakeFiles/Logistics_Car.elf.dir/Drivers/STM32F1xx_HAL_Driver/Src/stm32f1xx_ll_usb.c.obj
LOAD CMakeFiles/Logistics_Car.elf.dir/FATFS/App/fatfs.c.obj
LOAD CMakeFiles/Logistics_Car.elf.dir/FATFS/Target/bsp_driver_sd.c.obj
LOAD CMakeFiles/Logistics_Car.elf.dir/Middlewares/ST/STM32_USB_Device_Library/Class/CDC/Src/usbd_cdc.c.obj
LOAD CMakeFiles/Logistics_Car.elf.dir/Middlewares/ST/STM32_USB_Device_Library/Core/Src/usbd_core.c.obj
LOAD CMakeFiles/Logistics_Car.elf.dir/Middlewares/ST/STM32_USB_Device_Library/Core/Src/usbd_ctlreq.c.obj
LOAD CMakeFiles/Logistics_Car.elf.dir/Middlewares/ST/STM32_USB_Device_Library/Core/Src/usbd_ioreq.c.obj
LOAD CMakeFiles/Logistics_Car.elf.dir/Middlewares/Third_Party/FatFs/src/diskio.c.obj
LOAD CMakeFiles/Logistics_Car.elf.dir/Middlewares/Third_Party/FatFs/src/drivers/sd_diskio.c.obj
LOAD CMakeFiles/Logistics_Car.elf.dir/Middlewares/Third_Party/FatFs/src/ff.c.obj
LOAD CMakeFiles/Logistics_Car.elf.dir/Middlewares/Third_Party/FatFs/src/ff_gen_drv.c.obj
LOAD CMakeFiles/Logistics_Car.elf.dir/Middlewares/Third_Party/FatFs/src/option/ccsbcs.c.obj
LOAD CMakeFiles/Logistics_Car.elf.dir/Middlewares/Third_Party/FatFs/src/option/syscall.c.obj
LOAD CMakeFiles/Logistics_Car.elf.dir/Mixplus/Src/mixplus.cpp.obj
LOAD CMakeFiles/Logistics_Car.elf.dir/USB_DEVICE/App/usb_device.c.obj
LOAD CMakeFiles/Logistics_Car.elf.dir/USB_DEVICE/App/usbd_cdc_if.c.obj
LOAD CMakeFiles/Logistics_Car.elf.dir/USB_DEVICE/App/usbd_desc.c.obj
LOAD CMakeFiles/Logistics_Car.elf.dir/USB_DEVICE/Target/usbd_conf.c.obj
LOAD e:/armgnu/10 2021.10/bin/../lib/gcc/arm-none-eabi/10.3.1/../../../../arm-none-eabi/lib/thumb/v7-m/nofp\libstdc++.a
LOAD e:/armgnu/10 2021.10/bin/../lib/gcc/arm-none-eabi/10.3.1/../../../../arm-none-eabi/lib/thumb/v7-m/nofp\libm.a
START GROUP
LOAD e:/armgnu/10 2021.10/bin/../lib/gcc/arm-none-eabi/10.3.1/thumb/v7-m/nofp\libgcc.a
LOAD e:/armgnu/10 2021.10/bin/../lib/gcc/arm-none-eabi/10.3.1/../../../../arm-none-eabi/lib/thumb/v7-m/nofp\libg.a
LOAD e:/armgnu/10 2021.10/bin/../lib/gcc/arm-none-eabi/10.3.1/../../../../arm-none-eabi/lib/thumb/v7-m/nofp\libc.a
END GROUP
LOAD e:/armgnu/10 2021.10/bin/../lib/gcc/arm-none-eabi/10.3.1/thumb/v7-m/nofp/crtend.o
LOAD e:/armgnu/10 2021.10/bin/../lib/gcc/arm-none-eabi/10.3.1/thumb/v7-m/nofp/crtn.o
                0x20010000                _estack = (ORIGIN (RAM) + LENGTH (RAM))
                0x00000600                _Min_Heap_Size = 0x600
                0x00001650                _Min_Stack_Size = 0x1650

.isr_vector     0x08000000      0x1e4
                0x08000000                . = ALIGN (0x4)
 *(.isr_vector)
 .isr_vector    0x08000000      0x1e4 CMakeFiles/Logistics_Car.elf.dir/Core/Startup/startup_stm32f103zetx.s.obj
                0x08000000                g_pfnVectors
                0x080001e4                . = ALIGN (0x4)

.text           0x080001e8    0x192fc
                0x080001e8                . = ALIGN (0x4)
 *(.text)
 .text          0x080001e8       0x40 e:/armgnu/10 2021.10/bin/../lib/gcc/arm-none-eabi/10.3.1/thumb/v7-m/nofp/crtbegin.o
 .text          0x08000228     0x5fd8 e:/armgnu/10 2021.10/bin/../lib/gcc/arm-none-eabi/10.3.1/../../../../arm-none-eabi/lib/thumb/v7-m/nofp\libstdc++.a(cp-demangle.o)
                0x08006118                __cxa_demangle
                0x080061dc                __gcclibcxx_demangle_callback
 .text          0x08006200      0x378 e:/armgnu/10 2021.10/bin/../lib/gcc/arm-none-eabi/10.3.1/thumb/v7-m/nofp\libgcc.a(_arm_addsubdf3.o)
                0x08006200                __aeabi_drsub
                0x08006208                __aeabi_dsub
                0x08006208                __subdf3
                0x0800620c                __aeabi_dadd
                0x0800620c                __adddf3
                0x08006484                __floatunsidf
                0x08006484                __aeabi_ui2d
                0x080064a4                __floatsidf
                0x080064a4                __aeabi_i2d
                0x080064c8                __aeabi_f2d
                0x080064c8                __extendsfdf2
                0x0800650c                __floatundidf
                0x0800650c                __aeabi_ul2d
                0x0800651c                __floatdidf
                0x0800651c                __aeabi_l2d
 .text          0x08006578       0x40 e:/armgnu/10 2021.10/bin/../lib/gcc/arm-none-eabi/10.3.1/thumb/v7-m/nofp\libgcc.a(_arm_fixunsdfsi.o)
                0x08006578                __aeabi_d2uiz
                0x08006578                __fixunsdfsi
 .text          0x080065b8      0x9e4 e:/armgnu/10 2021.10/bin/../lib/gcc/arm-none-eabi/10.3.1/thumb/v7-m/nofp\libgcc.a(unwind-arm.o)
                0x08006878                _Unwind_GetCFA
                0x0800687c                __gnu_Unwind_RaiseException
                0x080068e4                __gnu_Unwind_ForcedUnwind
                0x080068f8                __gnu_Unwind_Resume
                0x0800693c                __gnu_Unwind_Resume_or_Rethrow
                0x08006950                _Unwind_Complete
                0x08006954                _Unwind_DeleteException
                0x08006960                _Unwind_VRS_Get
                0x080069ac                _Unwind_VRS_Set
                0x080069f4                __gnu_Unwind_Backtrace
                0x08006d1c                __aeabi_unwind_cpp_pr0
                0x08006d20                __aeabi_unwind_cpp_pr1
                0x08006d24                __aeabi_unwind_cpp_pr2
                0x08006d28                _Unwind_VRS_Pop
 .text          0x08006f9c      0x1ac e:/armgnu/10 2021.10/bin/../lib/gcc/arm-none-eabi/10.3.1/thumb/v7-m/nofp\libgcc.a(libunwind.o)
                0x08006f9c                __restore_core_regs
                0x08006f9c                restore_core_regs
                0x08006fb4                __gnu_Unwind_Restore_VFP
                0x08006fbc                __gnu_Unwind_Save_VFP
                0x08006fc4                __gnu_Unwind_Restore_VFP_D
                0x08006fcc                __gnu_Unwind_Save_VFP_D
                0x08006fd4                __gnu_Unwind_Restore_VFP_D_16_to_31
                0x08006fdc                __gnu_Unwind_Save_VFP_D_16_to_31
                0x08006fe4                __gnu_Unwind_Restore_WMMXD
                0x08007028                __gnu_Unwind_Save_WMMXD
                0x0800706c                __gnu_Unwind_Restore_WMMXC
                0x08007080                __gnu_Unwind_Save_WMMXC
                0x08007094                ___Unwind_RaiseException
                0x08007094                _Unwind_RaiseException
                0x080070b8                _Unwind_Resume
                0x080070b8                ___Unwind_Resume
                0x080070dc                _Unwind_Resume_or_Rethrow
                0x080070dc                ___Unwind_Resume_or_Rethrow
                0x08007100                _Unwind_ForcedUnwind
                0x08007100                ___Unwind_ForcedUnwind
                0x08007124                ___Unwind_Backtrace
                0x08007124                _Unwind_Backtrace
 .text          0x08007148      0x38c e:/armgnu/10 2021.10/bin/../lib/gcc/arm-none-eabi/10.3.1/thumb/v7-m/nofp\libgcc.a(pr-support.o)
                0x080071a0                __gnu_unwind_execute
                0x08007484                __gnu_unwind_frame
                0x080074b4                _Unwind_GetRegionStart
                0x080074c0                _Unwind_GetLanguageSpecificData
 .text          0x080074d4       0xec e:/armgnu/10 2021.10/bin/../lib/gcc/arm-none-eabi/10.3.1/../../../../arm-none-eabi/lib/thumb/v7-m/nofp\libg.a(lib_a-memcpy.o)
                0x080074d4                memcpy
 .text          0x080075c0      0x1bc e:/armgnu/10 2021.10/bin/../lib/gcc/arm-none-eabi/10.3.1/../../../../arm-none-eabi/lib/thumb/v7-m/nofp\libg.a(lib_a-strcmp.o)
                0x080075c0                strcmp
 .text          0x0800777c      0x424 e:/armgnu/10 2021.10/bin/../lib/gcc/arm-none-eabi/10.3.1/thumb/v7-m/nofp\libgcc.a(_arm_muldivdf3.o)
                0x0800777c                __aeabi_dmul
                0x0800777c                __muldf3
                0x080079d0                __divdf3
                0x080079d0                __aeabi_ddiv
 .text          0x08007ba0      0x110 e:/armgnu/10 2021.10/bin/../lib/gcc/arm-none-eabi/10.3.1/thumb/v7-m/nofp\libgcc.a(_arm_cmpdf2.o)
                0x08007ba0                __gtdf2
                0x08007ba0                __gedf2
                0x08007ba8                __ltdf2
                0x08007ba8                __ledf2
                0x08007bb0                __nedf2
                0x08007bb0                __eqdf2
                0x08007bb0                __cmpdf2
                0x08007c2c                __aeabi_cdrcmple
                0x08007c3c                __aeabi_cdcmpeq
                0x08007c3c                __aeabi_cdcmple
                0x08007c4c                __aeabi_dcmpeq
                0x08007c60                __aeabi_dcmplt
                0x08007c74                __aeabi_dcmple
                0x08007c88                __aeabi_dcmpge
                0x08007c9c                __aeabi_dcmpgt
 .text          0x08007cb0       0x2c e:/armgnu/10 2021.10/bin/../lib/gcc/arm-none-eabi/10.3.1/thumb/v7-m/nofp\libgcc.a(_arm_unorddf2.o)
                0x08007cb0                __unorddf2
                0x08007cb0                __aeabi_dcmpun
 .text          0x08007cdc       0x50 e:/armgnu/10 2021.10/bin/../lib/gcc/arm-none-eabi/10.3.1/thumb/v7-m/nofp\libgcc.a(_arm_fixdfsi.o)
                0x08007cdc                __aeabi_d2iz
                0x08007cdc                __fixdfsi
 .text          0x08007d2c       0x30 e:/armgnu/10 2021.10/bin/../lib/gcc/arm-none-eabi/10.3.1/thumb/v7-m/nofp\libgcc.a(_aeabi_uldivmod.o)
                0x08007d2c                __aeabi_uldivmod
 .text          0x08007d5c      0x2d4 e:/armgnu/10 2021.10/bin/../lib/gcc/arm-none-eabi/10.3.1/thumb/v7-m/nofp\libgcc.a(_udivmoddi4.o)
                0x08007d5c                __udivmoddi4
 .text          0x08008030        0x4 e:/armgnu/10 2021.10/bin/../lib/gcc/arm-none-eabi/10.3.1/thumb/v7-m/nofp\libgcc.a(_dvmd_tls.o)
                0x08008030                __aeabi_idiv0
                0x08008030                __aeabi_ldiv0
 *(.text*)
 .text.ILI9341_Delay
                0x08008034       0x16 CMakeFiles/Logistics_Car.elf.dir/Core/Inc/bsp_ili9341_lcd.c.obj
 *fill*         0x0800804a        0x2 
 .text.ILI9341_BackLed_Control
                0x0800804c       0x20 CMakeFiles/Logistics_Car.elf.dir/Core/Inc/bsp_ili9341_lcd.c.obj
                0x0800804c                ILI9341_BackLed_Control
 .text.ILI9341_ReadID
                0x0800806c       0x50 CMakeFiles/Logistics_Car.elf.dir/Core/Inc/bsp_ili9341_lcd.c.obj
                0x0800806c                ILI9341_ReadID
 .text.ILI9341_REG_Config
                0x080080bc      0x324 CMakeFiles/Logistics_Car.elf.dir/Core/Inc/bsp_ili9341_lcd.c.obj
 .text.ILI9341_Rst
                0x080083e0       0x34 CMakeFiles/Logistics_Car.elf.dir/Core/Inc/bsp_ili9341_lcd.c.obj
                0x080083e0                ILI9341_Rst
 .text.ILI9341_GramScan
                0x08008414       0xc0 CMakeFiles/Logistics_Car.elf.dir/Core/Inc/bsp_ili9341_lcd.c.obj
                0x08008414                ILI9341_GramScan
 .text.ILI9341_Init
                0x080084d4       0x20 CMakeFiles/Logistics_Car.elf.dir/Core/Inc/bsp_ili9341_lcd.c.obj
                0x080084d4                ILI9341_Init
 .text.ILI9341_OpenWindow
                0x080084f4       0x5c CMakeFiles/Logistics_Car.elf.dir/Core/Inc/bsp_ili9341_lcd.c.obj
                0x080084f4                ILI9341_OpenWindow
 .text.ILI9341_FillImage
                0x08008550       0x34 CMakeFiles/Logistics_Car.elf.dir/Core/Inc/bsp_ili9341_lcd.c.obj
                0x08008550                ILI9341_FillImage
 .text.ILI9341_Clear
                0x08008584       0x30 CMakeFiles/Logistics_Car.elf.dir/Core/Inc/bsp_ili9341_lcd.c.obj
                0x08008584                ILI9341_Clear
 .text.LCD_SetBackColor
                0x080085b4        0xc CMakeFiles/Logistics_Car.elf.dir/Core/Inc/bsp_ili9341_lcd.c.obj
                0x080085b4                LCD_SetBackColor
 .text.HAL_FSMC_MspInit
                0x080085c0       0x84 CMakeFiles/Logistics_Car.elf.dir/Core/Src/fsmc.c.obj
 .text.MX_FSMC_Init
                0x08008644       0x7c CMakeFiles/Logistics_Car.elf.dir/Core/Src/fsmc.c.obj
                0x08008644                MX_FSMC_Init
 .text.HAL_SRAM_MspInit
                0x080086c0        0x8 CMakeFiles/Logistics_Car.elf.dir/Core/Src/fsmc.c.obj
                0x080086c0                HAL_SRAM_MspInit
 .text.MX_GPIO_Init
                0x080086c8      0x1dc CMakeFiles/Logistics_Car.elf.dir/Core/Src/gpio.c.obj
                0x080086c8                MX_GPIO_Init
 .text.setColor
                0x080088a4       0x20 CMakeFiles/Logistics_Car.elf.dir/Core/Src/main.c.obj
                0x080088a4                setColor
 .text.setImage
                0x080088c4        0x8 CMakeFiles/Logistics_Car.elf.dir/Core/Src/main.c.obj
                0x080088c4                setImage
 .text.Error_Handler
                0x080088cc        0x4 CMakeFiles/Logistics_Car.elf.dir/Core/Src/main.c.obj
                0x080088cc                Error_Handler
 .text.SystemClock_Config
                0x080088d0       0x84 CMakeFiles/Logistics_Car.elf.dir/Core/Src/main.c.obj
                0x080088d0                SystemClock_Config
 .text.main     0x08008954       0x42 CMakeFiles/Logistics_Car.elf.dir/Core/Src/main.c.obj
                0x08008954                main
 *fill*         0x08008996        0x2 
 .text.MX_SDIO_SD_Init
                0x08008998       0x20 CMakeFiles/Logistics_Car.elf.dir/Core/Src/sdio.c.obj
                0x08008998                MX_SDIO_SD_Init
 .text.HAL_SD_MspInit
                0x080089b8       0x88 CMakeFiles/Logistics_Car.elf.dir/Core/Src/sdio.c.obj
                0x080089b8                HAL_SD_MspInit
 .text.HAL_MspInit
                0x08008a40       0x30 CMakeFiles/Logistics_Car.elf.dir/Core/Src/stm32f1xx_hal_msp.c.obj
                0x08008a40                HAL_MspInit
 .text.NMI_Handler
                0x08008a70        0x2 CMakeFiles/Logistics_Car.elf.dir/Core/Src/stm32f1xx_it.c.obj
                0x08008a70                NMI_Handler
 .text.HardFault_Handler
                0x08008a72        0x2 CMakeFiles/Logistics_Car.elf.dir/Core/Src/stm32f1xx_it.c.obj
                0x08008a72                HardFault_Handler
 .text.MemManage_Handler
                0x08008a74        0x2 CMakeFiles/Logistics_Car.elf.dir/Core/Src/stm32f1xx_it.c.obj
                0x08008a74                MemManage_Handler
 .text.BusFault_Handler
                0x08008a76        0x2 CMakeFiles/Logistics_Car.elf.dir/Core/Src/stm32f1xx_it.c.obj
                0x08008a76                BusFault_Handler
 .text.UsageFault_Handler
                0x08008a78        0x2 CMakeFiles/Logistics_Car.elf.dir/Core/Src/stm32f1xx_it.c.obj
                0x08008a78                UsageFault_Handler
 .text.SVC_Handler
                0x08008a7a        0x2 CMakeFiles/Logistics_Car.elf.dir/Core/Src/stm32f1xx_it.c.obj
                0x08008a7a                SVC_Handler
 .text.DebugMon_Handler
                0x08008a7c        0x2 CMakeFiles/Logistics_Car.elf.dir/Core/Src/stm32f1xx_it.c.obj
                0x08008a7c                DebugMon_Handler
 .text.PendSV_Handler
                0x08008a7e        0x2 CMakeFiles/Logistics_Car.elf.dir/Core/Src/stm32f1xx_it.c.obj
                0x08008a7e                PendSV_Handler
 .text.SysTick_Handler
                0x08008a80        0x8 CMakeFiles/Logistics_Car.elf.dir/Core/Src/stm32f1xx_it.c.obj
                0x08008a80                SysTick_Handler
 .text.USB_HP_CAN1_TX_IRQHandler
                0x08008a88       0x10 CMakeFiles/Logistics_Car.elf.dir/Core/Src/stm32f1xx_it.c.obj
                0x08008a88                USB_HP_CAN1_TX_IRQHandler
 .text.USB_LP_CAN1_RX0_IRQHandler
                0x08008a98       0x10 CMakeFiles/Logistics_Car.elf.dir/Core/Src/stm32f1xx_it.c.obj
                0x08008a98                USB_LP_CAN1_RX0_IRQHandler
 .text.TIM3_IRQHandler
                0x08008aa8       0x10 CMakeFiles/Logistics_Car.elf.dir/Core/Src/stm32f1xx_it.c.obj
                0x08008aa8                TIM3_IRQHandler
 .text.TIM4_IRQHandler
                0x08008ab8       0x10 CMakeFiles/Logistics_Car.elf.dir/Core/Src/stm32f1xx_it.c.obj
                0x08008ab8                TIM4_IRQHandler
 .text.USART1_IRQHandler
                0x08008ac8       0x10 CMakeFiles/Logistics_Car.elf.dir/Core/Src/stm32f1xx_it.c.obj
                0x08008ac8                USART1_IRQHandler
 .text.USART3_IRQHandler
                0x08008ad8       0x10 CMakeFiles/Logistics_Car.elf.dir/Core/Src/stm32f1xx_it.c.obj
                0x08008ad8                USART3_IRQHandler
 .text._getpid  0x08008ae8        0x4 CMakeFiles/Logistics_Car.elf.dir/Core/Src/syscalls.c.obj
                0x08008ae8                _getpid
 .text._kill    0x08008aec       0x10 CMakeFiles/Logistics_Car.elf.dir/Core/Src/syscalls.c.obj
                0x08008aec                _kill
 .text._exit    0x08008afc        0xc CMakeFiles/Logistics_Car.elf.dir/Core/Src/syscalls.c.obj
                0x08008afc                _exit
 .text._read    0x08008b08       0x20 CMakeFiles/Logistics_Car.elf.dir/Core/Src/syscalls.c.obj
                0x08008b08                _read
 .text._write   0x08008b28       0x1c CMakeFiles/Logistics_Car.elf.dir/Core/Src/syscalls.c.obj
                0x08008b28                _write
 .text._close   0x08008b44        0x6 CMakeFiles/Logistics_Car.elf.dir/Core/Src/syscalls.c.obj
                0x08008b44                _close
 .text._fstat   0x08008b4a        0xa CMakeFiles/Logistics_Car.elf.dir/Core/Src/syscalls.c.obj
                0x08008b4a                _fstat
 .text._isatty  0x08008b54        0x4 CMakeFiles/Logistics_Car.elf.dir/Core/Src/syscalls.c.obj
                0x08008b54                _isatty
 .text._lseek   0x08008b58        0x4 CMakeFiles/Logistics_Car.elf.dir/Core/Src/syscalls.c.obj
                0x08008b58                _lseek
 .text._sbrk    0x08008b5c       0x48 CMakeFiles/Logistics_Car.elf.dir/Core/Src/sysmem.c.obj
                0x08008b5c                _sbrk
 .text.SystemInit
                0x08008ba4        0x2 CMakeFiles/Logistics_Car.elf.dir/Core/Src/system_stm32f1xx.c.obj
                0x08008ba4                SystemInit
 *fill*         0x08008ba6        0x2 
 .text.HAL_TIM_Base_MspInit
                0x08008ba8       0x70 CMakeFiles/Logistics_Car.elf.dir/Core/Src/tim.c.obj
                0x08008ba8                HAL_TIM_Base_MspInit
 .text.HAL_TIM_MspPostInit
                0x08008c18       0x98 CMakeFiles/Logistics_Car.elf.dir/Core/Src/tim.c.obj
                0x08008c18                HAL_TIM_MspPostInit
 .text.MX_TIM3_Init
                0x08008cb0       0xec CMakeFiles/Logistics_Car.elf.dir/Core/Src/tim.c.obj
                0x08008cb0                MX_TIM3_Init
 .text.MX_TIM4_Init
                0x08008d9c       0xc4 CMakeFiles/Logistics_Car.elf.dir/Core/Src/tim.c.obj
                0x08008d9c                MX_TIM4_Init
 .text.MX_USART1_UART_Init
                0x08008e60       0x34 CMakeFiles/Logistics_Car.elf.dir/Core/Src/usart.c.obj
                0x08008e60                MX_USART1_UART_Init
 .text.MX_USART3_UART_Init
                0x08008e94       0x34 CMakeFiles/Logistics_Car.elf.dir/Core/Src/usart.c.obj
                0x08008e94                MX_USART3_UART_Init
 .text.HAL_UART_MspInit
                0x08008ec8       0xfc CMakeFiles/Logistics_Car.elf.dir/Core/Src/usart.c.obj
                0x08008ec8                HAL_UART_MspInit
 .text.Reset_Handler
                0x08008fc4       0x48 CMakeFiles/Logistics_Car.elf.dir/Core/Startup/startup_stm32f103zetx.s.obj
                0x08008fc4                Reset_Handler
 .text.Default_Handler
                0x0800900c        0x2 CMakeFiles/Logistics_Car.elf.dir/Core/Startup/startup_stm32f103zetx.s.obj
                0x0800900c                RTC_Alarm_IRQHandler
                0x0800900c                EXTI2_IRQHandler
                0x0800900c                TIM8_TRG_COM_IRQHandler
                0x0800900c                TIM8_CC_IRQHandler
                0x0800900c                TIM1_CC_IRQHandler
                0x0800900c                TIM6_IRQHandler
                0x0800900c                PVD_IRQHandler
                0x0800900c                SDIO_IRQHandler
                0x0800900c                EXTI3_IRQHandler
                0x0800900c                EXTI0_IRQHandler
                0x0800900c                I2C2_EV_IRQHandler
                0x0800900c                ADC1_2_IRQHandler
                0x0800900c                SPI1_IRQHandler
                0x0800900c                TAMPER_IRQHandler
                0x0800900c                TIM8_UP_IRQHandler
                0x0800900c                DMA2_Channel2_IRQHandler
                0x0800900c                DMA1_Channel4_IRQHandler
                0x0800900c                RTC_IRQHandler
                0x0800900c                DMA1_Channel7_IRQHandler
                0x0800900c                CAN1_RX1_IRQHandler
                0x0800900c                UART5_IRQHandler
                0x0800900c                ADC3_IRQHandler
                0x0800900c                DMA2_Channel1_IRQHandler
                0x0800900c                I2C1_EV_IRQHandler
                0x0800900c                DMA1_Channel6_IRQHandler
                0x0800900c                UART4_IRQHandler
                0x0800900c                RCC_IRQHandler
                0x0800900c                TIM1_TRG_COM_IRQHandler
                0x0800900c                DMA1_Channel1_IRQHandler
                0x0800900c                Default_Handler
                0x0800900c                EXTI15_10_IRQHandler
                0x0800900c                TIM7_IRQHandler
                0x0800900c                TIM5_IRQHandler
                0x0800900c                EXTI9_5_IRQHandler
                0x0800900c                SPI2_IRQHandler
                0x0800900c                DMA1_Channel5_IRQHandler
                0x0800900c                EXTI4_IRQHandler
                0x0800900c                DMA1_Channel3_IRQHandler
                0x0800900c                FSMC_IRQHandler
                0x0800900c                TIM1_UP_IRQHandler
                0x0800900c                WWDG_IRQHandler
                0x0800900c                TIM2_IRQHandler
                0x0800900c                TIM1_BRK_IRQHandler
                0x0800900c                EXTI1_IRQHandler
                0x0800900c                DMA2_Channel4_5_IRQHandler
                0x0800900c                USART2_IRQHandler
                0x0800900c                I2C2_ER_IRQHandler
                0x0800900c                DMA1_Channel2_IRQHandler
                0x0800900c                TIM8_BRK_IRQHandler
                0x0800900c                CAN1_SCE_IRQHandler
                0x0800900c                FLASH_IRQHandler
                0x0800900c                SPI3_IRQHandler
                0x0800900c                I2C1_ER_IRQHandler
                0x0800900c                USBWakeUp_IRQHandler
                0x0800900c                DMA2_Channel3_IRQHandler
 *fill*         0x0800900e        0x2 
 .text.HAL_InitTick
                0x08009010       0x4c CMakeFiles/Logistics_Car.elf.dir/Drivers/STM32F1xx_HAL_Driver/Src/stm32f1xx_hal.c.obj
                0x08009010                HAL_InitTick
 .text.HAL_Init
                0x0800905c       0x24 CMakeFiles/Logistics_Car.elf.dir/Drivers/STM32F1xx_HAL_Driver/Src/stm32f1xx_hal.c.obj
                0x0800905c                HAL_Init
 .text.HAL_IncTick
                0x08009080       0x18 CMakeFiles/Logistics_Car.elf.dir/Drivers/STM32F1xx_HAL_Driver/Src/stm32f1xx_hal.c.obj
                0x08009080                HAL_IncTick
 .text.HAL_GetTick
                0x08009098        0xc CMakeFiles/Logistics_Car.elf.dir/Drivers/STM32F1xx_HAL_Driver/Src/stm32f1xx_hal.c.obj
                0x08009098                HAL_GetTick
 .text.HAL_Delay
                0x080090a4       0x28 CMakeFiles/Logistics_Car.elf.dir/Drivers/STM32F1xx_HAL_Driver/Src/stm32f1xx_hal.c.obj
                0x080090a4                HAL_Delay
 .text.HAL_NVIC_SetPriorityGrouping
                0x080090cc       0x24 CMakeFiles/Logistics_Car.elf.dir/Drivers/STM32F1xx_HAL_Driver/Src/stm32f1xx_hal_cortex.c.obj
                0x080090cc                HAL_NVIC_SetPriorityGrouping
 .text.HAL_NVIC_SetPriority
                0x080090f0       0x70 CMakeFiles/Logistics_Car.elf.dir/Drivers/STM32F1xx_HAL_Driver/Src/stm32f1xx_hal_cortex.c.obj
                0x080090f0                HAL_NVIC_SetPriority
 .text.HAL_NVIC_EnableIRQ
                0x08009160       0x1c CMakeFiles/Logistics_Car.elf.dir/Drivers/STM32F1xx_HAL_Driver/Src/stm32f1xx_hal_cortex.c.obj
                0x08009160                HAL_NVIC_EnableIRQ
 .text.HAL_SYSTICK_Config
                0x0800917c       0x28 CMakeFiles/Logistics_Car.elf.dir/Drivers/STM32F1xx_HAL_Driver/Src/stm32f1xx_hal_cortex.c.obj
                0x0800917c                HAL_SYSTICK_Config
 .text.HAL_DMA_Abort
                0x080091a4       0x44 CMakeFiles/Logistics_Car.elf.dir/Drivers/STM32F1xx_HAL_Driver/Src/stm32f1xx_hal_dma.c.obj
                0x080091a4                HAL_DMA_Abort
 .text.HAL_DMA_Abort_IT
                0x080091e8      0x168 CMakeFiles/Logistics_Car.elf.dir/Drivers/STM32F1xx_HAL_Driver/Src/stm32f1xx_hal_dma.c.obj
                0x080091e8                HAL_DMA_Abort_IT
 .text.HAL_GPIO_Init
                0x08009350      0x240 CMakeFiles/Logistics_Car.elf.dir/Drivers/STM32F1xx_HAL_Driver/Src/stm32f1xx_hal_gpio.c.obj
                0x08009350                HAL_GPIO_Init
 .text.HAL_GPIO_ReadPin
                0x08009590        0xe CMakeFiles/Logistics_Car.elf.dir/Drivers/STM32F1xx_HAL_Driver/Src/stm32f1xx_hal_gpio.c.obj
                0x08009590                HAL_GPIO_ReadPin
 .text.HAL_GPIO_WritePin
                0x0800959e        0xc CMakeFiles/Logistics_Car.elf.dir/Drivers/STM32F1xx_HAL_Driver/Src/stm32f1xx_hal_gpio.c.obj
                0x0800959e                HAL_GPIO_WritePin
 .text.HAL_PCD_EP_DB_Receive
                0x080095aa      0x11c CMakeFiles/Logistics_Car.elf.dir/Drivers/STM32F1xx_HAL_Driver/Src/stm32f1xx_hal_pcd.c.obj
 .text.HAL_PCD_Init
                0x080096c6      0x118 CMakeFiles/Logistics_Car.elf.dir/Drivers/STM32F1xx_HAL_Driver/Src/stm32f1xx_hal_pcd.c.obj
                0x080096c6                HAL_PCD_Init
 .text.HAL_PCD_Start
                0x080097de       0x32 CMakeFiles/Logistics_Car.elf.dir/Drivers/STM32F1xx_HAL_Driver/Src/stm32f1xx_hal_pcd.c.obj
                0x080097de                HAL_PCD_Start
 .text.HAL_PCD_EP_DB_Transmit
                0x08009810      0x420 CMakeFiles/Logistics_Car.elf.dir/Drivers/STM32F1xx_HAL_Driver/Src/stm32f1xx_hal_pcd.c.obj
 .text.PCD_EP_ISR_Handler
                0x08009c30      0x438 CMakeFiles/Logistics_Car.elf.dir/Drivers/STM32F1xx_HAL_Driver/Src/stm32f1xx_hal_pcd.c.obj
 .text.HAL_PCD_SetAddress
                0x0800a068       0x28 CMakeFiles/Logistics_Car.elf.dir/Drivers/STM32F1xx_HAL_Driver/Src/stm32f1xx_hal_pcd.c.obj
                0x0800a068                HAL_PCD_SetAddress
 .text.HAL_PCD_IRQHandler
                0x0800a090      0x1d4 CMakeFiles/Logistics_Car.elf.dir/Drivers/STM32F1xx_HAL_Driver/Src/stm32f1xx_hal_pcd.c.obj
                0x0800a090                HAL_PCD_IRQHandler
 .text.HAL_PCD_EP_Open
                0x0800a264       0x84 CMakeFiles/Logistics_Car.elf.dir/Drivers/STM32F1xx_HAL_Driver/Src/stm32f1xx_hal_pcd.c.obj
                0x0800a264                HAL_PCD_EP_Open
 .text.HAL_PCD_EP_Close
                0x0800a2e8       0x64 CMakeFiles/Logistics_Car.elf.dir/Drivers/STM32F1xx_HAL_Driver/Src/stm32f1xx_hal_pcd.c.obj
                0x0800a2e8                HAL_PCD_EP_Close
 .text.HAL_PCD_EP_Receive
                0x0800a34c       0x44 CMakeFiles/Logistics_Car.elf.dir/Drivers/STM32F1xx_HAL_Driver/Src/stm32f1xx_hal_pcd.c.obj
                0x0800a34c                HAL_PCD_EP_Receive
 .text.HAL_PCD_EP_GetRxCount
                0x0800a390       0x12 CMakeFiles/Logistics_Car.elf.dir/Drivers/STM32F1xx_HAL_Driver/Src/stm32f1xx_hal_pcd.c.obj
                0x0800a390                HAL_PCD_EP_GetRxCount
 .text.HAL_PCD_EP_Transmit
                0x0800a3a2       0x50 CMakeFiles/Logistics_Car.elf.dir/Drivers/STM32F1xx_HAL_Driver/Src/stm32f1xx_hal_pcd.c.obj
                0x0800a3a2                HAL_PCD_EP_Transmit
 .text.HAL_PCD_EP_SetStall
                0x0800a3f2       0x78 CMakeFiles/Logistics_Car.elf.dir/Drivers/STM32F1xx_HAL_Driver/Src/stm32f1xx_hal_pcd.c.obj
                0x0800a3f2                HAL_PCD_EP_SetStall
 .text.HAL_PCD_EP_ClrStall
                0x0800a46a       0x76 CMakeFiles/Logistics_Car.elf.dir/Drivers/STM32F1xx_HAL_Driver/Src/stm32f1xx_hal_pcd.c.obj
                0x0800a46a                HAL_PCD_EP_ClrStall
 .text.HAL_PCDEx_PMAConfig
                0x0800a4e0       0x38 CMakeFiles/Logistics_Car.elf.dir/Drivers/STM32F1xx_HAL_Driver/Src/stm32f1xx_hal_pcd_ex.c.obj
                0x0800a4e0                HAL_PCDEx_PMAConfig
 .text.RCC_Delay
                0x0800a518       0x2c CMakeFiles/Logistics_Car.elf.dir/Drivers/STM32F1xx_HAL_Driver/Src/stm32f1xx_hal_rcc.c.obj
 .text.HAL_RCC_OscConfig
                0x0800a544      0x410 CMakeFiles/Logistics_Car.elf.dir/Drivers/STM32F1xx_HAL_Driver/Src/stm32f1xx_hal_rcc.c.obj
                0x0800a544                HAL_RCC_OscConfig
 .text.HAL_RCC_GetSysClockFreq
                0x0800a954       0x70 CMakeFiles/Logistics_Car.elf.dir/Drivers/STM32F1xx_HAL_Driver/Src/stm32f1xx_hal_rcc.c.obj
                0x0800a954                HAL_RCC_GetSysClockFreq
 .text.HAL_RCC_ClockConfig
                0x0800a9c4      0x16c CMakeFiles/Logistics_Car.elf.dir/Drivers/STM32F1xx_HAL_Driver/Src/stm32f1xx_hal_rcc.c.obj
                0x0800a9c4                HAL_RCC_ClockConfig
 .text.HAL_RCC_GetHCLKFreq
                0x0800ab30        0xc CMakeFiles/Logistics_Car.elf.dir/Drivers/STM32F1xx_HAL_Driver/Src/stm32f1xx_hal_rcc.c.obj
                0x0800ab30                HAL_RCC_GetHCLKFreq
 .text.HAL_RCC_GetPCLK1Freq
                0x0800ab3c       0x20 CMakeFiles/Logistics_Car.elf.dir/Drivers/STM32F1xx_HAL_Driver/Src/stm32f1xx_hal_rcc.c.obj
                0x0800ab3c                HAL_RCC_GetPCLK1Freq
 .text.HAL_RCC_GetPCLK2Freq
                0x0800ab5c       0x20 CMakeFiles/Logistics_Car.elf.dir/Drivers/STM32F1xx_HAL_Driver/Src/stm32f1xx_hal_rcc.c.obj
                0x0800ab5c                HAL_RCC_GetPCLK2Freq
 .text.HAL_RCCEx_PeriphCLKConfig
                0x0800ab7c      0x118 CMakeFiles/Logistics_Car.elf.dir/Drivers/STM32F1xx_HAL_Driver/Src/stm32f1xx_hal_rcc_ex.c.obj
                0x0800ab7c                HAL_RCCEx_PeriphCLKConfig
 .text.SD_PowerON
                0x0800ac94       0xc0 CMakeFiles/Logistics_Car.elf.dir/Drivers/STM32F1xx_HAL_Driver/Src/stm32f1xx_hal_sd.c.obj
 .text.SD_SendSDStatus
                0x0800ad54      0x106 CMakeFiles/Logistics_Car.elf.dir/Drivers/STM32F1xx_HAL_Driver/Src/stm32f1xx_hal_sd.c.obj
 .text.SD_FindSCR
                0x0800ae5a      0x100 CMakeFiles/Logistics_Car.elf.dir/Drivers/STM32F1xx_HAL_Driver/Src/stm32f1xx_hal_sd.c.obj
 .text.SD_WideBus_Enable
                0x0800af5a       0x4e CMakeFiles/Logistics_Car.elf.dir/Drivers/STM32F1xx_HAL_Driver/Src/stm32f1xx_hal_sd.c.obj
 .text.SD_WideBus_Disable
                0x0800afa8       0x4e CMakeFiles/Logistics_Car.elf.dir/Drivers/STM32F1xx_HAL_Driver/Src/stm32f1xx_hal_sd.c.obj
 .text.SD_SendStatus
                0x0800aff6       0x2c CMakeFiles/Logistics_Car.elf.dir/Drivers/STM32F1xx_HAL_Driver/Src/stm32f1xx_hal_sd.c.obj
 *fill*         0x0800b022        0x2 
 .text.HAL_SD_ReadBlocks
                0x0800b024      0x248 CMakeFiles/Logistics_Car.elf.dir/Drivers/STM32F1xx_HAL_Driver/Src/stm32f1xx_hal_sd.c.obj
                0x0800b024                HAL_SD_ReadBlocks
 .text.HAL_SD_WriteBlocks
                0x0800b26c      0x204 CMakeFiles/Logistics_Car.elf.dir/Drivers/STM32F1xx_HAL_Driver/Src/stm32f1xx_hal_sd.c.obj
                0x0800b26c                HAL_SD_WriteBlocks
 .text.HAL_SD_GetCardCID
                0x0800b470       0x58 CMakeFiles/Logistics_Car.elf.dir/Drivers/STM32F1xx_HAL_Driver/Src/stm32f1xx_hal_sd.c.obj
                0x0800b470                HAL_SD_GetCardCID
 .text.HAL_SD_GetCardCSD
                0x0800b4c8      0x1b8 CMakeFiles/Logistics_Car.elf.dir/Drivers/STM32F1xx_HAL_Driver/Src/stm32f1xx_hal_sd.c.obj
                0x0800b4c8                HAL_SD_GetCardCSD
 .text.SD_InitCard
                0x0800b680      0x100 CMakeFiles/Logistics_Car.elf.dir/Drivers/STM32F1xx_HAL_Driver/Src/stm32f1xx_hal_sd.c.obj
 .text.HAL_SD_InitCard
                0x0800b780       0xa0 CMakeFiles/Logistics_Car.elf.dir/Drivers/STM32F1xx_HAL_Driver/Src/stm32f1xx_hal_sd.c.obj
                0x0800b780                HAL_SD_InitCard
 .text.HAL_SD_Init
                0x0800b820       0x36 CMakeFiles/Logistics_Car.elf.dir/Drivers/STM32F1xx_HAL_Driver/Src/stm32f1xx_hal_sd.c.obj
                0x0800b820                HAL_SD_Init
 *fill*         0x0800b856        0x2 
 .text.HAL_SD_GetCardStatus
                0x0800b858       0xac CMakeFiles/Logistics_Car.elf.dir/Drivers/STM32F1xx_HAL_Driver/Src/stm32f1xx_hal_sd.c.obj
                0x0800b858                HAL_SD_GetCardStatus
 .text.HAL_SD_GetCardInfo
                0x0800b904       0x24 CMakeFiles/Logistics_Car.elf.dir/Drivers/STM32F1xx_HAL_Driver/Src/stm32f1xx_hal_sd.c.obj
                0x0800b904                HAL_SD_GetCardInfo
 .text.HAL_SD_ConfigWideBusOperation
                0x0800b928       0xc0 CMakeFiles/Logistics_Car.elf.dir/Drivers/STM32F1xx_HAL_Driver/Src/stm32f1xx_hal_sd.c.obj
                0x0800b928                HAL_SD_ConfigWideBusOperation
 .text.HAL_SD_GetCardState
                0x0800b9e8       0x22 CMakeFiles/Logistics_Car.elf.dir/Drivers/STM32F1xx_HAL_Driver/Src/stm32f1xx_hal_sd.c.obj
                0x0800b9e8                HAL_SD_GetCardState
 .text.HAL_SRAM_Init
                0x0800ba0a       0x64 CMakeFiles/Logistics_Car.elf.dir/Drivers/STM32F1xx_HAL_Driver/Src/stm32f1xx_hal_sram.c.obj
                0x0800ba0a                HAL_SRAM_Init
 *fill*         0x0800ba6e        0x2 
 .text.TIM_OC1_SetConfig
                0x0800ba70       0x68 CMakeFiles/Logistics_Car.elf.dir/Drivers/STM32F1xx_HAL_Driver/Src/stm32f1xx_hal_tim.c.obj
 .text.TIM_OC3_SetConfig
                0x0800bad8       0x70 CMakeFiles/Logistics_Car.elf.dir/Drivers/STM32F1xx_HAL_Driver/Src/stm32f1xx_hal_tim.c.obj
 .text.TIM_OC4_SetConfig
                0x0800bb48       0x50 CMakeFiles/Logistics_Car.elf.dir/Drivers/STM32F1xx_HAL_Driver/Src/stm32f1xx_hal_tim.c.obj
 .text.TIM_TI1_ConfigInputStage
                0x0800bb98       0x24 CMakeFiles/Logistics_Car.elf.dir/Drivers/STM32F1xx_HAL_Driver/Src/stm32f1xx_hal_tim.c.obj
 .text.TIM_TI2_ConfigInputStage
                0x0800bbbc       0x26 CMakeFiles/Logistics_Car.elf.dir/Drivers/STM32F1xx_HAL_Driver/Src/stm32f1xx_hal_tim.c.obj
 .text.TIM_ITRx_SetConfig
                0x0800bbe2       0x10 CMakeFiles/Logistics_Car.elf.dir/Drivers/STM32F1xx_HAL_Driver/Src/stm32f1xx_hal_tim.c.obj
 .text.HAL_TIM_PWM_MspInit
                0x0800bbf2        0x2 CMakeFiles/Logistics_Car.elf.dir/Drivers/STM32F1xx_HAL_Driver/Src/stm32f1xx_hal_tim.c.obj
                0x0800bbf2                HAL_TIM_PWM_MspInit
 .text.HAL_TIM_OC_DelayElapsedCallback
                0x0800bbf4        0x2 CMakeFiles/Logistics_Car.elf.dir/Drivers/STM32F1xx_HAL_Driver/Src/stm32f1xx_hal_tim.c.obj
                0x0800bbf4                HAL_TIM_OC_DelayElapsedCallback
 .text.HAL_TIM_IC_CaptureCallback
                0x0800bbf6        0x2 CMakeFiles/Logistics_Car.elf.dir/Drivers/STM32F1xx_HAL_Driver/Src/stm32f1xx_hal_tim.c.obj
                0x0800bbf6                HAL_TIM_IC_CaptureCallback
 .text.HAL_TIM_PWM_PulseFinishedCallback
                0x0800bbf8        0x2 CMakeFiles/Logistics_Car.elf.dir/Drivers/STM32F1xx_HAL_Driver/Src/stm32f1xx_hal_tim.c.obj
                0x0800bbf8                HAL_TIM_PWM_PulseFinishedCallback
 .text.HAL_TIM_TriggerCallback
                0x0800bbfa        0x2 CMakeFiles/Logistics_Car.elf.dir/Drivers/STM32F1xx_HAL_Driver/Src/stm32f1xx_hal_tim.c.obj
                0x0800bbfa                HAL_TIM_TriggerCallback
 .text.HAL_TIM_IRQHandler
                0x0800bbfc      0x17a CMakeFiles/Logistics_Car.elf.dir/Drivers/STM32F1xx_HAL_Driver/Src/stm32f1xx_hal_tim.c.obj
                0x0800bbfc                HAL_TIM_IRQHandler
 *fill*         0x0800bd76        0x2 
 .text.TIM_Base_SetConfig
                0x0800bd78       0x98 CMakeFiles/Logistics_Car.elf.dir/Drivers/STM32F1xx_HAL_Driver/Src/stm32f1xx_hal_tim.c.obj
                0x0800bd78                TIM_Base_SetConfig
 .text.HAL_TIM_Base_Init
                0x0800be10       0x58 CMakeFiles/Logistics_Car.elf.dir/Drivers/STM32F1xx_HAL_Driver/Src/stm32f1xx_hal_tim.c.obj
                0x0800be10                HAL_TIM_Base_Init
 .text.HAL_TIM_PWM_Init
                0x0800be68       0x58 CMakeFiles/Logistics_Car.elf.dir/Drivers/STM32F1xx_HAL_Driver/Src/stm32f1xx_hal_tim.c.obj
                0x0800be68                HAL_TIM_PWM_Init
 .text.TIM_OC2_SetConfig
                0x0800bec0       0x70 CMakeFiles/Logistics_Car.elf.dir/Drivers/STM32F1xx_HAL_Driver/Src/stm32f1xx_hal_tim.c.obj
                0x0800bec0                TIM_OC2_SetConfig
 .text.HAL_TIM_PWM_ConfigChannel
                0x0800bf30       0xd0 CMakeFiles/Logistics_Car.elf.dir/Drivers/STM32F1xx_HAL_Driver/Src/stm32f1xx_hal_tim.c.obj
                0x0800bf30                HAL_TIM_PWM_ConfigChannel
 .text.TIM_ETR_SetConfig
                0x0800c000       0x18 CMakeFiles/Logistics_Car.elf.dir/Drivers/STM32F1xx_HAL_Driver/Src/stm32f1xx_hal_tim.c.obj
                0x0800c000                TIM_ETR_SetConfig
 .text.HAL_TIM_ConfigClockSource
                0x0800c018       0xda CMakeFiles/Logistics_Car.elf.dir/Drivers/STM32F1xx_HAL_Driver/Src/stm32f1xx_hal_tim.c.obj
                0x0800c018                HAL_TIM_ConfigClockSource
 .text.TIM_CCxChannelCmd
                0x0800c0f2       0x1e CMakeFiles/Logistics_Car.elf.dir/Drivers/STM32F1xx_HAL_Driver/Src/stm32f1xx_hal_tim.c.obj
                0x0800c0f2                TIM_CCxChannelCmd
 .text.HAL_TIM_PWM_Start
                0x0800c110       0xf4 CMakeFiles/Logistics_Car.elf.dir/Drivers/STM32F1xx_HAL_Driver/Src/stm32f1xx_hal_tim.c.obj
                0x0800c110                HAL_TIM_PWM_Start
 .text.HAL_TIMEx_MasterConfigSynchronization
                0x0800c204       0x7c CMakeFiles/Logistics_Car.elf.dir/Drivers/STM32F1xx_HAL_Driver/Src/stm32f1xx_hal_tim_ex.c.obj
                0x0800c204                HAL_TIMEx_MasterConfigSynchronization
 .text.HAL_TIMEx_CommutCallback
                0x0800c280        0x2 CMakeFiles/Logistics_Car.elf.dir/Drivers/STM32F1xx_HAL_Driver/Src/stm32f1xx_hal_tim_ex.c.obj
                0x0800c280                HAL_TIMEx_CommutCallback
 .text.HAL_TIMEx_BreakCallback
                0x0800c282        0x2 CMakeFiles/Logistics_Car.elf.dir/Drivers/STM32F1xx_HAL_Driver/Src/stm32f1xx_hal_tim_ex.c.obj
                0x0800c282                HAL_TIMEx_BreakCallback
 .text.UART_EndRxTransfer
                0x0800c284       0x32 CMakeFiles/Logistics_Car.elf.dir/Drivers/STM32F1xx_HAL_Driver/Src/stm32f1xx_hal_uart.c.obj
 .text.UART_Transmit_IT
                0x0800c2b6       0x60 CMakeFiles/Logistics_Car.elf.dir/Drivers/STM32F1xx_HAL_Driver/Src/stm32f1xx_hal_uart.c.obj
 *fill*         0x0800c316        0x2 
 .text.UART_SetConfig
                0x0800c318       0x94 CMakeFiles/Logistics_Car.elf.dir/Drivers/STM32F1xx_HAL_Driver/Src/stm32f1xx_hal_uart.c.obj
 .text.UART_WaitOnFlagUntilTimeout
                0x0800c3ac       0x6c CMakeFiles/Logistics_Car.elf.dir/Drivers/STM32F1xx_HAL_Driver/Src/stm32f1xx_hal_uart.c.obj
 .text.HAL_UART_Init
                0x0800c418       0x5e CMakeFiles/Logistics_Car.elf.dir/Drivers/STM32F1xx_HAL_Driver/Src/stm32f1xx_hal_uart.c.obj
                0x0800c418                HAL_UART_Init
 .text.HAL_UART_Transmit
                0x0800c476       0xd8 CMakeFiles/Logistics_Car.elf.dir/Drivers/STM32F1xx_HAL_Driver/Src/stm32f1xx_hal_uart.c.obj
                0x0800c476                HAL_UART_Transmit
 .text.HAL_UART_TxCpltCallback
                0x0800c54e        0x2 CMakeFiles/Logistics_Car.elf.dir/Drivers/STM32F1xx_HAL_Driver/Src/stm32f1xx_hal_uart.c.obj
                0x0800c54e                HAL_UART_TxCpltCallback
 .text.UART_EndTransmit_IT
                0x0800c550       0x1a CMakeFiles/Logistics_Car.elf.dir/Drivers/STM32F1xx_HAL_Driver/Src/stm32f1xx_hal_uart.c.obj
 .text.HAL_UART_ErrorCallback
                0x0800c56a        0x2 CMakeFiles/Logistics_Car.elf.dir/Drivers/STM32F1xx_HAL_Driver/Src/stm32f1xx_hal_uart.c.obj
                0x0800c56a                HAL_UART_ErrorCallback
 .text.UART_DMAAbortOnError
                0x0800c56c       0x10 CMakeFiles/Logistics_Car.elf.dir/Drivers/STM32F1xx_HAL_Driver/Src/stm32f1xx_hal_uart.c.obj
 .text.HAL_UARTEx_RxEventCallback
                0x0800c57c        0x2 CMakeFiles/Logistics_Car.elf.dir/Drivers/STM32F1xx_HAL_Driver/Src/stm32f1xx_hal_uart.c.obj
                0x0800c57c                HAL_UARTEx_RxEventCallback
 .text.UART_Receive_IT
                0x0800c57e       0xd4 CMakeFiles/Logistics_Car.elf.dir/Drivers/STM32F1xx_HAL_Driver/Src/stm32f1xx_hal_uart.c.obj
 *fill*         0x0800c652        0x2 
 .text.HAL_UART_IRQHandler
                0x0800c654      0x204 CMakeFiles/Logistics_Car.elf.dir/Drivers/STM32F1xx_HAL_Driver/Src/stm32f1xx_hal_uart.c.obj
                0x0800c654                HAL_UART_IRQHandler
 .text.UART_Start_Receive_IT
                0x0800c858       0x36 CMakeFiles/Logistics_Car.elf.dir/Drivers/STM32F1xx_HAL_Driver/Src/stm32f1xx_hal_uart.c.obj
                0x0800c858                UART_Start_Receive_IT
 .text.HAL_UART_Receive_IT
                0x0800c88e       0x38 CMakeFiles/Logistics_Car.elf.dir/Drivers/STM32F1xx_HAL_Driver/Src/stm32f1xx_hal_uart.c.obj
                0x0800c88e                HAL_UART_Receive_IT
 *fill*         0x0800c8c6        0x2 
 .text.FSMC_NORSRAM_Init
                0x0800c8c8       0x68 CMakeFiles/Logistics_Car.elf.dir/Drivers/STM32F1xx_HAL_Driver/Src/stm32f1xx_ll_fsmc.c.obj
                0x0800c8c8                FSMC_NORSRAM_Init
 .text.FSMC_NORSRAM_Timing_Init
                0x0800c930       0x50 CMakeFiles/Logistics_Car.elf.dir/Drivers/STM32F1xx_HAL_Driver/Src/stm32f1xx_ll_fsmc.c.obj
                0x0800c930                FSMC_NORSRAM_Timing_Init
 .text.FSMC_NORSRAM_Extended_Timing_Init
                0x0800c980       0x44 CMakeFiles/Logistics_Car.elf.dir/Drivers/STM32F1xx_HAL_Driver/Src/stm32f1xx_ll_fsmc.c.obj
                0x0800c980                FSMC_NORSRAM_Extended_Timing_Init
 .text.SDMMC_GetCmdError
                0x0800c9c4       0x38 CMakeFiles/Logistics_Car.elf.dir/Drivers/STM32F1xx_HAL_Driver/Src/stm32f1xx_ll_sdmmc.c.obj
 .text.SDMMC_GetCmdResp2
                0x0800c9fc       0x5c CMakeFiles/Logistics_Car.elf.dir/Drivers/STM32F1xx_HAL_Driver/Src/stm32f1xx_ll_sdmmc.c.obj
 .text.SDMMC_GetCmdResp3
                0x0800ca58       0x4c CMakeFiles/Logistics_Car.elf.dir/Drivers/STM32F1xx_HAL_Driver/Src/stm32f1xx_ll_sdmmc.c.obj
 .text.SDMMC_GetCmdResp7
                0x0800caa4       0x64 CMakeFiles/Logistics_Car.elf.dir/Drivers/STM32F1xx_HAL_Driver/Src/stm32f1xx_ll_sdmmc.c.obj
 .text.SDIO_Init
                0x0800cb08       0x32 CMakeFiles/Logistics_Car.elf.dir/Drivers/STM32F1xx_HAL_Driver/Src/stm32f1xx_ll_sdmmc.c.obj
                0x0800cb08                SDIO_Init
 .text.SDIO_ReadFIFO
                0x0800cb3a        0x6 CMakeFiles/Logistics_Car.elf.dir/Drivers/STM32F1xx_HAL_Driver/Src/stm32f1xx_ll_sdmmc.c.obj
                0x0800cb3a                SDIO_ReadFIFO
 .text.SDIO_WriteFIFO
                0x0800cb40        0xa CMakeFiles/Logistics_Car.elf.dir/Drivers/STM32F1xx_HAL_Driver/Src/stm32f1xx_ll_sdmmc.c.obj
                0x0800cb40                SDIO_WriteFIFO
 .text.SDIO_PowerState_ON
                0x0800cb4a       0x10 CMakeFiles/Logistics_Car.elf.dir/Drivers/STM32F1xx_HAL_Driver/Src/stm32f1xx_ll_sdmmc.c.obj
                0x0800cb4a                SDIO_PowerState_ON
 .text.SDIO_GetPowerState
                0x0800cb5a        0x8 CMakeFiles/Logistics_Car.elf.dir/Drivers/STM32F1xx_HAL_Driver/Src/stm32f1xx_ll_sdmmc.c.obj
                0x0800cb5a                SDIO_GetPowerState
 .text.SDIO_SendCommand
                0x0800cb62       0x24 CMakeFiles/Logistics_Car.elf.dir/Drivers/STM32F1xx_HAL_Driver/Src/stm32f1xx_ll_sdmmc.c.obj
                0x0800cb62                SDIO_SendCommand
 .text.SDIO_GetCommandResponse
                0x0800cb86        0x6 CMakeFiles/Logistics_Car.elf.dir/Drivers/STM32F1xx_HAL_Driver/Src/stm32f1xx_ll_sdmmc.c.obj
                0x0800cb86                SDIO_GetCommandResponse
 .text.SDIO_GetResponse
                0x0800cb8c        0x6 CMakeFiles/Logistics_Car.elf.dir/Drivers/STM32F1xx_HAL_Driver/Src/stm32f1xx_ll_sdmmc.c.obj
                0x0800cb8c                SDIO_GetResponse
 *fill*         0x0800cb92        0x2 
 .text.SDMMC_GetCmdResp1
                0x0800cb94      0x154 CMakeFiles/Logistics_Car.elf.dir/Drivers/STM32F1xx_HAL_Driver/Src/stm32f1xx_ll_sdmmc.c.obj
 .text.SDMMC_GetCmdResp6
                0x0800cce8       0xa0 CMakeFiles/Logistics_Car.elf.dir/Drivers/STM32F1xx_HAL_Driver/Src/stm32f1xx_ll_sdmmc.c.obj
 .text.SDIO_ConfigData
                0x0800cd88       0x24 CMakeFiles/Logistics_Car.elf.dir/Drivers/STM32F1xx_HAL_Driver/Src/stm32f1xx_ll_sdmmc.c.obj
                0x0800cd88                SDIO_ConfigData
 .text.SDMMC_CmdBlockLength
                0x0800cdac       0x30 CMakeFiles/Logistics_Car.elf.dir/Drivers/STM32F1xx_HAL_Driver/Src/stm32f1xx_ll_sdmmc.c.obj
                0x0800cdac                SDMMC_CmdBlockLength
 .text.SDMMC_CmdReadSingleBlock
                0x0800cddc       0x30 CMakeFiles/Logistics_Car.elf.dir/Drivers/STM32F1xx_HAL_Driver/Src/stm32f1xx_ll_sdmmc.c.obj
                0x0800cddc                SDMMC_CmdReadSingleBlock
 .text.SDMMC_CmdReadMultiBlock
                0x0800ce0c       0x30 CMakeFiles/Logistics_Car.elf.dir/Drivers/STM32F1xx_HAL_Driver/Src/stm32f1xx_ll_sdmmc.c.obj
                0x0800ce0c                SDMMC_CmdReadMultiBlock
 .text.SDMMC_CmdWriteSingleBlock
                0x0800ce3c       0x30 CMakeFiles/Logistics_Car.elf.dir/Drivers/STM32F1xx_HAL_Driver/Src/stm32f1xx_ll_sdmmc.c.obj
                0x0800ce3c                SDMMC_CmdWriteSingleBlock
 .text.SDMMC_CmdWriteMultiBlock
                0x0800ce6c       0x30 CMakeFiles/Logistics_Car.elf.dir/Drivers/STM32F1xx_HAL_Driver/Src/stm32f1xx_ll_sdmmc.c.obj
                0x0800ce6c                SDMMC_CmdWriteMultiBlock
 .text.SDMMC_CmdStopTransfer
                0x0800ce9c       0x34 CMakeFiles/Logistics_Car.elf.dir/Drivers/STM32F1xx_HAL_Driver/Src/stm32f1xx_ll_sdmmc.c.obj
                0x0800ce9c                SDMMC_CmdStopTransfer
 .text.SDMMC_CmdSelDesel
                0x0800ced0       0x30 CMakeFiles/Logistics_Car.elf.dir/Drivers/STM32F1xx_HAL_Driver/Src/stm32f1xx_ll_sdmmc.c.obj
                0x0800ced0                SDMMC_CmdSelDesel
 .text.SDMMC_CmdGoIdleState
                0x0800cf00       0x26 CMakeFiles/Logistics_Car.elf.dir/Drivers/STM32F1xx_HAL_Driver/Src/stm32f1xx_ll_sdmmc.c.obj
                0x0800cf00                SDMMC_CmdGoIdleState
 .text.SDMMC_CmdOperCond
                0x0800cf26       0x2e CMakeFiles/Logistics_Car.elf.dir/Drivers/STM32F1xx_HAL_Driver/Src/stm32f1xx_ll_sdmmc.c.obj
                0x0800cf26                SDMMC_CmdOperCond
 .text.SDMMC_CmdAppCommand
                0x0800cf54       0x30 CMakeFiles/Logistics_Car.elf.dir/Drivers/STM32F1xx_HAL_Driver/Src/stm32f1xx_ll_sdmmc.c.obj
                0x0800cf54                SDMMC_CmdAppCommand
 .text.SDMMC_CmdAppOperCommand
                0x0800cf84       0x32 CMakeFiles/Logistics_Car.elf.dir/Drivers/STM32F1xx_HAL_Driver/Src/stm32f1xx_ll_sdmmc.c.obj
                0x0800cf84                SDMMC_CmdAppOperCommand
 .text.SDMMC_CmdBusWidth
                0x0800cfb6       0x30 CMakeFiles/Logistics_Car.elf.dir/Drivers/STM32F1xx_HAL_Driver/Src/stm32f1xx_ll_sdmmc.c.obj
                0x0800cfb6                SDMMC_CmdBusWidth
 .text.SDMMC_CmdSendSCR
                0x0800cfe6       0x30 CMakeFiles/Logistics_Car.elf.dir/Drivers/STM32F1xx_HAL_Driver/Src/stm32f1xx_ll_sdmmc.c.obj
                0x0800cfe6                SDMMC_CmdSendSCR
 .text.SDMMC_CmdSendCID
                0x0800d016       0x2a CMakeFiles/Logistics_Car.elf.dir/Drivers/STM32F1xx_HAL_Driver/Src/stm32f1xx_ll_sdmmc.c.obj
                0x0800d016                SDMMC_CmdSendCID
 .text.SDMMC_CmdSendCSD
                0x0800d040       0x2a CMakeFiles/Logistics_Car.elf.dir/Drivers/STM32F1xx_HAL_Driver/Src/stm32f1xx_ll_sdmmc.c.obj
                0x0800d040                SDMMC_CmdSendCSD
 .text.SDMMC_CmdSetRelAdd
                0x0800d06a       0x30 CMakeFiles/Logistics_Car.elf.dir/Drivers/STM32F1xx_HAL_Driver/Src/stm32f1xx_ll_sdmmc.c.obj
                0x0800d06a                SDMMC_CmdSetRelAdd
 .text.SDMMC_CmdSendStatus
                0x0800d09a       0x30 CMakeFiles/Logistics_Car.elf.dir/Drivers/STM32F1xx_HAL_Driver/Src/stm32f1xx_ll_sdmmc.c.obj
                0x0800d09a                SDMMC_CmdSendStatus
 .text.SDMMC_CmdStatusRegister
                0x0800d0ca       0x30 CMakeFiles/Logistics_Car.elf.dir/Drivers/STM32F1xx_HAL_Driver/Src/stm32f1xx_ll_sdmmc.c.obj
                0x0800d0ca                SDMMC_CmdStatusRegister
 .text.USB_CoreInit
                0x0800d0fa        0xe CMakeFiles/Logistics_Car.elf.dir/Drivers/STM32F1xx_HAL_Driver/Src/stm32f1xx_ll_usb.c.obj
                0x0800d0fa                USB_CoreInit
 .text.USB_EnableGlobalInt
                0x0800d108       0x12 CMakeFiles/Logistics_Car.elf.dir/Drivers/STM32F1xx_HAL_Driver/Src/stm32f1xx_ll_usb.c.obj
                0x0800d108                USB_EnableGlobalInt
 .text.USB_DisableGlobalInt
                0x0800d11a       0x14 CMakeFiles/Logistics_Car.elf.dir/Drivers/STM32F1xx_HAL_Driver/Src/stm32f1xx_ll_usb.c.obj
                0x0800d11a                USB_DisableGlobalInt
 .text.USB_SetCurrentMode
                0x0800d12e        0x4 CMakeFiles/Logistics_Car.elf.dir/Drivers/STM32F1xx_HAL_Driver/Src/stm32f1xx_ll_usb.c.obj
                0x0800d12e                USB_SetCurrentMode
 .text.USB_DevInit
                0x0800d132       0x22 CMakeFiles/Logistics_Car.elf.dir/Drivers/STM32F1xx_HAL_Driver/Src/stm32f1xx_ll_usb.c.obj
                0x0800d132                USB_DevInit
 .text.USB_ActivateEndpoint
                0x0800d154      0x378 CMakeFiles/Logistics_Car.elf.dir/Drivers/STM32F1xx_HAL_Driver/Src/stm32f1xx_ll_usb.c.obj
                0x0800d154                USB_ActivateEndpoint
 .text.USB_DeactivateEndpoint
                0x0800d4cc      0x1d6 CMakeFiles/Logistics_Car.elf.dir/Drivers/STM32F1xx_HAL_Driver/Src/stm32f1xx_ll_usb.c.obj
                0x0800d4cc                USB_DeactivateEndpoint
 .text.USB_EPSetStall
                0x0800d6a2       0x4a CMakeFiles/Logistics_Car.elf.dir/Drivers/STM32F1xx_HAL_Driver/Src/stm32f1xx_ll_usb.c.obj
                0x0800d6a2                USB_EPSetStall
 .text.USB_EPClearStall
                0x0800d6ec       0xa2 CMakeFiles/Logistics_Car.elf.dir/Drivers/STM32F1xx_HAL_Driver/Src/stm32f1xx_ll_usb.c.obj
                0x0800d6ec                USB_EPClearStall
 .text.USB_SetDevAddress
                0x0800d78e        0xc CMakeFiles/Logistics_Car.elf.dir/Drivers/STM32F1xx_HAL_Driver/Src/stm32f1xx_ll_usb.c.obj
                0x0800d78e                USB_SetDevAddress
 .text.USB_DevConnect
                0x0800d79a        0x4 CMakeFiles/Logistics_Car.elf.dir/Drivers/STM32F1xx_HAL_Driver/Src/stm32f1xx_ll_usb.c.obj
                0x0800d79a                USB_DevConnect
 .text.USB_DevDisconnect
                0x0800d79e        0x4 CMakeFiles/Logistics_Car.elf.dir/Drivers/STM32F1xx_HAL_Driver/Src/stm32f1xx_ll_usb.c.obj
                0x0800d79e                USB_DevDisconnect
 .text.USB_ReadInterrupts
                0x0800d7a2        0x8 CMakeFiles/Logistics_Car.elf.dir/Drivers/STM32F1xx_HAL_Driver/Src/stm32f1xx_ll_usb.c.obj
                0x0800d7a2                USB_ReadInterrupts
 .text.USB_EP0_OutStart
                0x0800d7aa        0x4 CMakeFiles/Logistics_Car.elf.dir/Drivers/STM32F1xx_HAL_Driver/Src/stm32f1xx_ll_usb.c.obj
                0x0800d7aa                USB_EP0_OutStart
 .text.USB_WritePMA
                0x0800d7ae       0x28 CMakeFiles/Logistics_Car.elf.dir/Drivers/STM32F1xx_HAL_Driver/Src/stm32f1xx_ll_usb.c.obj
                0x0800d7ae                USB_WritePMA
 .text.USB_EPStartXfer
                0x0800d7d6      0x8b2 CMakeFiles/Logistics_Car.elf.dir/Drivers/STM32F1xx_HAL_Driver/Src/stm32f1xx_ll_usb.c.obj
                0x0800d7d6                USB_EPStartXfer
 .text.USB_ReadPMA
                0x0800e088       0x30 CMakeFiles/Logistics_Car.elf.dir/Drivers/STM32F1xx_HAL_Driver/Src/stm32f1xx_ll_usb.c.obj
                0x0800e088                USB_ReadPMA
 .text.MX_FATFS_Init
                0x0800e0b8       0x1c CMakeFiles/Logistics_Car.elf.dir/FATFS/App/fatfs.c.obj
                0x0800e0b8                MX_FATFS_Init
 .text.get_fattime
                0x0800e0d4        0x4 CMakeFiles/Logistics_Car.elf.dir/FATFS/App/fatfs.c.obj
                0x0800e0d4                get_fattime
 .text.BSP_SD_ReadBlocks
                0x0800e0d8       0x20 CMakeFiles/Logistics_Car.elf.dir/FATFS/Target/bsp_driver_sd.c.obj
                0x0800e0d8                BSP_SD_ReadBlocks
 .text.BSP_SD_WriteBlocks
                0x0800e0f8       0x20 CMakeFiles/Logistics_Car.elf.dir/FATFS/Target/bsp_driver_sd.c.obj
                0x0800e0f8                BSP_SD_WriteBlocks
 .text.BSP_SD_GetCardState
                0x0800e118       0x14 CMakeFiles/Logistics_Car.elf.dir/FATFS/Target/bsp_driver_sd.c.obj
                0x0800e118                BSP_SD_GetCardState
 .text.BSP_SD_GetCardInfo
                0x0800e12c       0x10 CMakeFiles/Logistics_Car.elf.dir/FATFS/Target/bsp_driver_sd.c.obj
                0x0800e12c                BSP_SD_GetCardInfo
 .text.BSP_SD_IsDetected
                0x0800e13c       0x10 CMakeFiles/Logistics_Car.elf.dir/FATFS/Target/bsp_driver_sd.c.obj
                0x0800e13c                BSP_SD_IsDetected
 .text.BSP_SD_Init
                0x0800e14c       0x34 CMakeFiles/Logistics_Car.elf.dir/FATFS/Target/bsp_driver_sd.c.obj
                0x0800e14c                BSP_SD_Init
 .text.USBD_CDC_EP0_RxReady
                0x0800e180       0x28 CMakeFiles/Logistics_Car.elf.dir/Middlewares/ST/STM32_USB_Device_Library/Class/CDC/Src/usbd_cdc.c.obj
 .text.USBD_CDC_GetFSCfgDesc
                0x0800e1a8        0xc CMakeFiles/Logistics_Car.elf.dir/Middlewares/ST/STM32_USB_Device_Library/Class/CDC/Src/usbd_cdc.c.obj
 .text.USBD_CDC_GetHSCfgDesc
                0x0800e1b4        0xc CMakeFiles/Logistics_Car.elf.dir/Middlewares/ST/STM32_USB_Device_Library/Class/CDC/Src/usbd_cdc.c.obj
 .text.USBD_CDC_GetOtherSpeedCfgDesc
                0x0800e1c0        0xc CMakeFiles/Logistics_Car.elf.dir/Middlewares/ST/STM32_USB_Device_Library/Class/CDC/Src/usbd_cdc.c.obj
 .text.USBD_CDC_GetDeviceQualifierDescriptor
                0x0800e1cc        0xc CMakeFiles/Logistics_Car.elf.dir/Middlewares/ST/STM32_USB_Device_Library/Class/CDC/Src/usbd_cdc.c.obj
                0x0800e1cc                USBD_CDC_GetDeviceQualifierDescriptor
 .text.USBD_CDC_DataOut
                0x0800e1d8       0x2e CMakeFiles/Logistics_Car.elf.dir/Middlewares/ST/STM32_USB_Device_Library/Class/CDC/Src/usbd_cdc.c.obj
 .text.USBD_CDC_DataIn
                0x0800e206       0x4e CMakeFiles/Logistics_Car.elf.dir/Middlewares/ST/STM32_USB_Device_Library/Class/CDC/Src/usbd_cdc.c.obj
 .text.USBD_CDC_Setup
                0x0800e254       0xd6 CMakeFiles/Logistics_Car.elf.dir/Middlewares/ST/STM32_USB_Device_Library/Class/CDC/Src/usbd_cdc.c.obj
 .text.USBD_CDC_DeInit
                0x0800e32a       0x42 CMakeFiles/Logistics_Car.elf.dir/Middlewares/ST/STM32_USB_Device_Library/Class/CDC/Src/usbd_cdc.c.obj
 .text.USBD_CDC_Init
                0x0800e36c       0xaa CMakeFiles/Logistics_Car.elf.dir/Middlewares/ST/STM32_USB_Device_Library/Class/CDC/Src/usbd_cdc.c.obj
 .text.USBD_CDC_RegisterInterface
                0x0800e416        0xe CMakeFiles/Logistics_Car.elf.dir/Middlewares/ST/STM32_USB_Device_Library/Class/CDC/Src/usbd_cdc.c.obj
                0x0800e416                USBD_CDC_RegisterInterface
 .text.USBD_CDC_SetTxBuffer
                0x0800e424       0x10 CMakeFiles/Logistics_Car.elf.dir/Middlewares/ST/STM32_USB_Device_Library/Class/CDC/Src/usbd_cdc.c.obj
                0x0800e424                USBD_CDC_SetTxBuffer
 .text.USBD_CDC_SetRxBuffer
                0x0800e434        0xc CMakeFiles/Logistics_Car.elf.dir/Middlewares/ST/STM32_USB_Device_Library/Class/CDC/Src/usbd_cdc.c.obj
                0x0800e434                USBD_CDC_SetRxBuffer
 .text.USBD_CDC_ReceivePacket
                0x0800e440       0x30 CMakeFiles/Logistics_Car.elf.dir/Middlewares/ST/STM32_USB_Device_Library/Class/CDC/Src/usbd_cdc.c.obj
                0x0800e440                USBD_CDC_ReceivePacket
 .text.USBD_Init
                0x0800e470       0x2e CMakeFiles/Logistics_Car.elf.dir/Middlewares/ST/STM32_USB_Device_Library/Core/Src/usbd_core.c.obj
                0x0800e470                USBD_Init
 .text.USBD_RegisterClass
                0x0800e49e        0xe CMakeFiles/Logistics_Car.elf.dir/Middlewares/ST/STM32_USB_Device_Library/Core/Src/usbd_core.c.obj
                0x0800e49e                USBD_RegisterClass
 .text.USBD_Start
                0x0800e4ac        0xa CMakeFiles/Logistics_Car.elf.dir/Middlewares/ST/STM32_USB_Device_Library/Core/Src/usbd_core.c.obj
                0x0800e4ac                USBD_Start
 .text.USBD_SetClassConfig
                0x0800e4b6       0x18 CMakeFiles/Logistics_Car.elf.dir/Middlewares/ST/STM32_USB_Device_Library/Core/Src/usbd_core.c.obj
                0x0800e4b6                USBD_SetClassConfig
 .text.USBD_ClrClassConfig
                0x0800e4ce        0xe CMakeFiles/Logistics_Car.elf.dir/Middlewares/ST/STM32_USB_Device_Library/Core/Src/usbd_core.c.obj
                0x0800e4ce                USBD_ClrClassConfig
 .text.USBD_LL_SetupStage
                0x0800e4dc       0x5a CMakeFiles/Logistics_Car.elf.dir/Middlewares/ST/STM32_USB_Device_Library/Core/Src/usbd_core.c.obj
                0x0800e4dc                USBD_LL_SetupStage
 .text.USBD_LL_DataOutStage
                0x0800e536       0x8c CMakeFiles/Logistics_Car.elf.dir/Middlewares/ST/STM32_USB_Device_Library/Core/Src/usbd_core.c.obj
                0x0800e536                USBD_LL_DataOutStage
 .text.USBD_LL_DataInStage
                0x0800e5c2       0xd0 CMakeFiles/Logistics_Car.elf.dir/Middlewares/ST/STM32_USB_Device_Library/Core/Src/usbd_core.c.obj
                0x0800e5c2                USBD_LL_DataInStage
 .text.USBD_LL_Reset
                0x0800e692       0x50 CMakeFiles/Logistics_Car.elf.dir/Middlewares/ST/STM32_USB_Device_Library/Core/Src/usbd_core.c.obj
                0x0800e692                USBD_LL_Reset
 .text.USBD_LL_SetSpeed
                0x0800e6e2        0x6 CMakeFiles/Logistics_Car.elf.dir/Middlewares/ST/STM32_USB_Device_Library/Core/Src/usbd_core.c.obj
                0x0800e6e2                USBD_LL_SetSpeed
 .text.USBD_LL_Suspend
                0x0800e6e8       0x12 CMakeFiles/Logistics_Car.elf.dir/Middlewares/ST/STM32_USB_Device_Library/Core/Src/usbd_core.c.obj
                0x0800e6e8                USBD_LL_Suspend
 .text.USBD_LL_Resume
                0x0800e6fa       0x16 CMakeFiles/Logistics_Car.elf.dir/Middlewares/ST/STM32_USB_Device_Library/Core/Src/usbd_core.c.obj
                0x0800e6fa                USBD_LL_Resume
 .text.USBD_LL_SOF
                0x0800e710       0x1c CMakeFiles/Logistics_Car.elf.dir/Middlewares/ST/STM32_USB_Device_Library/Core/Src/usbd_core.c.obj
                0x0800e710                USBD_LL_SOF
 .text.USBD_GetLen
                0x0800e72c       0x14 CMakeFiles/Logistics_Car.elf.dir/Middlewares/ST/STM32_USB_Device_Library/Core/Src/usbd_ctlreq.c.obj
 .text.USBD_SetFeature
                0x0800e740       0x14 CMakeFiles/Logistics_Car.elf.dir/Middlewares/ST/STM32_USB_Device_Library/Core/Src/usbd_ctlreq.c.obj
 .text.USBD_ParseSetupRequest
                0x0800e754       0x28 CMakeFiles/Logistics_Car.elf.dir/Middlewares/ST/STM32_USB_Device_Library/Core/Src/usbd_ctlreq.c.obj
                0x0800e754                USBD_ParseSetupRequest
 .text.USBD_CtlError
                0x0800e77c       0x14 CMakeFiles/Logistics_Car.elf.dir/Middlewares/ST/STM32_USB_Device_Library/Core/Src/usbd_ctlreq.c.obj
                0x0800e77c                USBD_CtlError
 .text.USBD_GetDescriptor
                0x0800e790      0x186 CMakeFiles/Logistics_Car.elf.dir/Middlewares/ST/STM32_USB_Device_Library/Core/Src/usbd_ctlreq.c.obj
 .text.USBD_SetAddress
                0x0800e916       0x4e CMakeFiles/Logistics_Car.elf.dir/Middlewares/ST/STM32_USB_Device_Library/Core/Src/usbd_ctlreq.c.obj
 .text.USBD_SetConfig
                0x0800e964       0xb0 CMakeFiles/Logistics_Car.elf.dir/Middlewares/ST/STM32_USB_Device_Library/Core/Src/usbd_ctlreq.c.obj
 .text.USBD_GetConfig
                0x0800ea14       0x3e CMakeFiles/Logistics_Car.elf.dir/Middlewares/ST/STM32_USB_Device_Library/Core/Src/usbd_ctlreq.c.obj
 .text.USBD_GetStatus
                0x0800ea52       0x38 CMakeFiles/Logistics_Car.elf.dir/Middlewares/ST/STM32_USB_Device_Library/Core/Src/usbd_ctlreq.c.obj
 .text.USBD_ClrFeature
                0x0800ea8a       0x26 CMakeFiles/Logistics_Car.elf.dir/Middlewares/ST/STM32_USB_Device_Library/Core/Src/usbd_ctlreq.c.obj
 .text.USBD_StdDevReq
                0x0800eab0       0x68 CMakeFiles/Logistics_Car.elf.dir/Middlewares/ST/STM32_USB_Device_Library/Core/Src/usbd_ctlreq.c.obj
                0x0800eab0                USBD_StdDevReq
 .text.USBD_StdItfReq
                0x0800eb18       0x60 CMakeFiles/Logistics_Car.elf.dir/Middlewares/ST/STM32_USB_Device_Library/Core/Src/usbd_ctlreq.c.obj
                0x0800eb18                USBD_StdItfReq
 .text.USBD_StdEPReq
                0x0800eb78      0x1e2 CMakeFiles/Logistics_Car.elf.dir/Middlewares/ST/STM32_USB_Device_Library/Core/Src/usbd_ctlreq.c.obj
                0x0800eb78                USBD_StdEPReq
 .text.USBD_GetString
                0x0800ed5a       0x3a CMakeFiles/Logistics_Car.elf.dir/Middlewares/ST/STM32_USB_Device_Library/Core/Src/usbd_ctlreq.c.obj
                0x0800ed5a                USBD_GetString
 .text.USBD_CtlSendData
                0x0800ed94       0x1a CMakeFiles/Logistics_Car.elf.dir/Middlewares/ST/STM32_USB_Device_Library/Core/Src/usbd_ioreq.c.obj
                0x0800ed94                USBD_CtlSendData
 .text.USBD_CtlContinueSendData
                0x0800edae       0x10 CMakeFiles/Logistics_Car.elf.dir/Middlewares/ST/STM32_USB_Device_Library/Core/Src/usbd_ioreq.c.obj
                0x0800edae                USBD_CtlContinueSendData
 .text.USBD_CtlPrepareRx
                0x0800edbe       0x1e CMakeFiles/Logistics_Car.elf.dir/Middlewares/ST/STM32_USB_Device_Library/Core/Src/usbd_ioreq.c.obj
                0x0800edbe                USBD_CtlPrepareRx
 .text.USBD_CtlContinueRx
                0x0800eddc       0x10 CMakeFiles/Logistics_Car.elf.dir/Middlewares/ST/STM32_USB_Device_Library/Core/Src/usbd_ioreq.c.obj
                0x0800eddc                USBD_CtlContinueRx
 .text.USBD_CtlSendStatus
                0x0800edec       0x16 CMakeFiles/Logistics_Car.elf.dir/Middlewares/ST/STM32_USB_Device_Library/Core/Src/usbd_ioreq.c.obj
                0x0800edec                USBD_CtlSendStatus
 .text.USBD_CtlReceiveStatus
                0x0800ee02       0x16 CMakeFiles/Logistics_Car.elf.dir/Middlewares/ST/STM32_USB_Device_Library/Core/Src/usbd_ioreq.c.obj
                0x0800ee02                USBD_CtlReceiveStatus
 .text.disk_status
                0x0800ee18       0x18 CMakeFiles/Logistics_Car.elf.dir/Middlewares/Third_Party/FatFs/src/diskio.c.obj
                0x0800ee18                disk_status
 .text.disk_initialize
                0x0800ee30       0x28 CMakeFiles/Logistics_Car.elf.dir/Middlewares/Third_Party/FatFs/src/diskio.c.obj
                0x0800ee30                disk_initialize
 .text.disk_read
                0x0800ee58       0x18 CMakeFiles/Logistics_Car.elf.dir/Middlewares/Third_Party/FatFs/src/diskio.c.obj
                0x0800ee58                disk_read
 .text.disk_write
                0x0800ee70       0x18 CMakeFiles/Logistics_Car.elf.dir/Middlewares/Third_Party/FatFs/src/diskio.c.obj
                0x0800ee70                disk_write
 .text.disk_ioctl
                0x0800ee88       0x18 CMakeFiles/Logistics_Car.elf.dir/Middlewares/Third_Party/FatFs/src/diskio.c.obj
                0x0800ee88                disk_ioctl
 .text.SD_initialize
                0x0800eea0       0x24 CMakeFiles/Logistics_Car.elf.dir/Middlewares/Third_Party/FatFs/src/drivers/sd_diskio.c.obj
                0x0800eea0                SD_initialize
 .text.SD_status
                0x0800eec4       0x24 CMakeFiles/Logistics_Car.elf.dir/Middlewares/Third_Party/FatFs/src/drivers/sd_diskio.c.obj
                0x0800eec4                SD_status
 .text.SD_read  0x0800eee8       0x38 CMakeFiles/Logistics_Car.elf.dir/Middlewares/Third_Party/FatFs/src/drivers/sd_diskio.c.obj
                0x0800eee8                SD_read
 .text.SD_write
                0x0800ef20       0x38 CMakeFiles/Logistics_Car.elf.dir/Middlewares/Third_Party/FatFs/src/drivers/sd_diskio.c.obj
                0x0800ef20                SD_write
 .text.SD_ioctl
                0x0800ef58       0x54 CMakeFiles/Logistics_Car.elf.dir/Middlewares/Third_Party/FatFs/src/drivers/sd_diskio.c.obj
                0x0800ef58                SD_ioctl
 .text.mem_cpy  0x0800efac       0x14 CMakeFiles/Logistics_Car.elf.dir/Middlewares/Third_Party/FatFs/src/ff.c.obj
 .text.mem_set  0x0800efc0       0x10 CMakeFiles/Logistics_Car.elf.dir/Middlewares/Third_Party/FatFs/src/ff.c.obj
 .text.mem_cmp  0x0800efd0       0x1e CMakeFiles/Logistics_Car.elf.dir/Middlewares/Third_Party/FatFs/src/ff.c.obj
 .text.chk_chr  0x0800efee       0x10 CMakeFiles/Logistics_Car.elf.dir/Middlewares/Third_Party/FatFs/src/ff.c.obj
 *fill*         0x0800effe        0x2 
 .text.chk_lock
                0x0800f000       0x8c CMakeFiles/Logistics_Car.elf.dir/Middlewares/Third_Party/FatFs/src/ff.c.obj
 .text.enq_lock
                0x0800f08c       0x24 CMakeFiles/Logistics_Car.elf.dir/Middlewares/Third_Party/FatFs/src/ff.c.obj
 .text.inc_lock
                0x0800f0b0       0xcc CMakeFiles/Logistics_Car.elf.dir/Middlewares/Third_Party/FatFs/src/ff.c.obj
 .text.dec_lock
                0x0800f17c       0x48 CMakeFiles/Logistics_Car.elf.dir/Middlewares/Third_Party/FatFs/src/ff.c.obj
 .text.clear_lock
                0x0800f1c4       0x44 CMakeFiles/Logistics_Car.elf.dir/Middlewares/Third_Party/FatFs/src/ff.c.obj
 .text.clmt_clust
                0x0800f208       0x28 CMakeFiles/Logistics_Car.elf.dir/Middlewares/Third_Party/FatFs/src/ff.c.obj
 .text.ld_clust
                0x0800f230       0x22 CMakeFiles/Logistics_Car.elf.dir/Middlewares/Third_Party/FatFs/src/ff.c.obj
 .text.st_clust
                0x0800f252       0x14 CMakeFiles/Logistics_Car.elf.dir/Middlewares/Third_Party/FatFs/src/ff.c.obj
 *fill*         0x0800f266        0x2 
 .text.fit_lfn  0x0800f268       0x78 CMakeFiles/Logistics_Car.elf.dir/Middlewares/Third_Party/FatFs/src/ff.c.obj
 .text.gen_numname
                0x0800f2e0       0xaa CMakeFiles/Logistics_Car.elf.dir/Middlewares/Third_Party/FatFs/src/ff.c.obj
 .text.sum_sfn  0x0800f38a       0x1c CMakeFiles/Logistics_Car.elf.dir/Middlewares/Third_Party/FatFs/src/ff.c.obj
 .text.get_ldnumber
                0x0800f3a6       0x52 CMakeFiles/Logistics_Car.elf.dir/Middlewares/Third_Party/FatFs/src/ff.c.obj
 .text.sync_window
                0x0800f3f8       0x5e CMakeFiles/Logistics_Car.elf.dir/Middlewares/Third_Party/FatFs/src/ff.c.obj
 .text.move_window
                0x0800f456       0x3a CMakeFiles/Logistics_Car.elf.dir/Middlewares/Third_Party/FatFs/src/ff.c.obj
 .text.check_fs
                0x0800f490       0x90 CMakeFiles/Logistics_Car.elf.dir/Middlewares/Third_Party/FatFs/src/ff.c.obj
 .text.validate
                0x0800f520       0x34 CMakeFiles/Logistics_Car.elf.dir/Middlewares/Third_Party/FatFs/src/ff.c.obj
 .text.find_volume
                0x0800f554      0x3ac CMakeFiles/Logistics_Car.elf.dir/Middlewares/Third_Party/FatFs/src/ff.c.obj
 .text.create_name
                0x0800f900      0x22c CMakeFiles/Logistics_Car.elf.dir/Middlewares/Third_Party/FatFs/src/ff.c.obj
 .text.cmp_lfn  0x0800fb2c       0x88 CMakeFiles/Logistics_Car.elf.dir/Middlewares/Third_Party/FatFs/src/ff.c.obj
 .text.sync_fs  0x0800fbb4       0xc2 CMakeFiles/Logistics_Car.elf.dir/Middlewares/Third_Party/FatFs/src/ff.c.obj
 .text.clust2sect
                0x0800fc76       0x1e CMakeFiles/Logistics_Car.elf.dir/Middlewares/Third_Party/FatFs/src/ff.c.obj
                0x0800fc76                clust2sect
 .text.get_fat  0x0800fc94       0xdc CMakeFiles/Logistics_Car.elf.dir/Middlewares/Third_Party/FatFs/src/ff.c.obj
                0x0800fc94                get_fat
 .text.dir_sdi  0x0800fd70       0xb6 CMakeFiles/Logistics_Car.elf.dir/Middlewares/Third_Party/FatFs/src/ff.c.obj
 .text.put_fat  0x0800fe26      0x118 CMakeFiles/Logistics_Car.elf.dir/Middlewares/Third_Party/FatFs/src/ff.c.obj
                0x0800fe26                put_fat
 .text.create_chain
                0x0800ff3e       0xce CMakeFiles/Logistics_Car.elf.dir/Middlewares/Third_Party/FatFs/src/ff.c.obj
 .text.dir_next
                0x0801000c      0x140 CMakeFiles/Logistics_Car.elf.dir/Middlewares/Third_Party/FatFs/src/ff.c.obj
 .text.dir_find
                0x0801014c       0xe8 CMakeFiles/Logistics_Car.elf.dir/Middlewares/Third_Party/FatFs/src/ff.c.obj
 .text.follow_path
                0x08010234       0x88 CMakeFiles/Logistics_Car.elf.dir/Middlewares/Third_Party/FatFs/src/ff.c.obj
 .text.dir_alloc
                0x080102bc       0x54 CMakeFiles/Logistics_Car.elf.dir/Middlewares/Third_Party/FatFs/src/ff.c.obj
 .text.dir_register
                0x08010310      0x154 CMakeFiles/Logistics_Car.elf.dir/Middlewares/Third_Party/FatFs/src/ff.c.obj
 .text.remove_chain
                0x08010464       0x74 CMakeFiles/Logistics_Car.elf.dir/Middlewares/Third_Party/FatFs/src/ff.c.obj
 .text.f_mount  0x080104d8       0x60 CMakeFiles/Logistics_Car.elf.dir/Middlewares/Third_Party/FatFs/src/ff.c.obj
                0x080104d8                f_mount
 .text.f_open   0x08010538      0x1fe CMakeFiles/Logistics_Car.elf.dir/Middlewares/Third_Party/FatFs/src/ff.c.obj
                0x08010538                f_open
 .text.f_read   0x08010736      0x1ec CMakeFiles/Logistics_Car.elf.dir/Middlewares/Third_Party/FatFs/src/ff.c.obj
                0x08010736                f_read
 .text.f_sync   0x08010922       0xbe CMakeFiles/Logistics_Car.elf.dir/Middlewares/Third_Party/FatFs/src/ff.c.obj
                0x08010922                f_sync
 .text.f_close  0x080109e0       0x28 CMakeFiles/Logistics_Car.elf.dir/Middlewares/Third_Party/FatFs/src/ff.c.obj
                0x080109e0                f_close
 .text.f_lseek  0x08010a08      0x310 CMakeFiles/Logistics_Car.elf.dir/Middlewares/Third_Party/FatFs/src/ff.c.obj
                0x08010a08                f_lseek
 .text.FATFS_LinkDriverEx
                0x08010d18       0x54 CMakeFiles/Logistics_Car.elf.dir/Middlewares/Third_Party/FatFs/src/ff_gen_drv.c.obj
                0x08010d18                FATFS_LinkDriverEx
 .text.FATFS_LinkDriver
                0x08010d6c        0xa CMakeFiles/Logistics_Car.elf.dir/Middlewares/Third_Party/FatFs/src/ff_gen_drv.c.obj
                0x08010d6c                FATFS_LinkDriver
 *fill*         0x08010d76        0x2 
 .text.ff_convert
                0x08010d78       0x3c CMakeFiles/Logistics_Car.elf.dir/Middlewares/Third_Party/FatFs/src/option/ccsbcs.c.obj
                0x08010d78                ff_convert
 .text.ff_wtoupper
                0x08010db4       0x24 CMakeFiles/Logistics_Car.elf.dir/Middlewares/Third_Party/FatFs/src/option/ccsbcs.c.obj
                0x08010db4                ff_wtoupper
 .text._ZZ4loopENUlvE_4_FUNEv
                0x08010dd8       0x74 CMakeFiles/Logistics_Car.elf.dir/Mixplus/Src/mixplus.cpp.obj
 .text._ZN6SerialD2Ev
                0x08010e4c       0x14 CMakeFiles/Logistics_Car.elf.dir/Mixplus/Src/mixplus.cpp.obj
                0x08010e4c                Serial::~Serial()
                0x08010e4c                Serial::~Serial()
 .text._ZN4GPIOC2EP12GPIO_TypeDefs
                0x08010e60       0x16 CMakeFiles/Logistics_Car.elf.dir/Mixplus/Src/mixplus.cpp.obj
                0x08010e60                GPIO::GPIO(GPIO_TypeDef*, short)
                0x08010e60                GPIO::GPIO(GPIO_TypeDef*, short)
 .text._ZN4GPIO3getEv
                0x08010e76       0x18 CMakeFiles/Logistics_Car.elf.dir/Mixplus/Src/mixplus.cpp.obj
                0x08010e76                GPIO::get()
 *fill*         0x08010e8e        0x2 
 .text._ZN6Serial5beginEv
                0x08010e90       0x14 CMakeFiles/Logistics_Car.elf.dir/Mixplus/Src/mixplus.cpp.obj
                0x08010e90                Serial::begin()
 .text._ZN6Serial5writeEPci
                0x08010ea4       0x10 CMakeFiles/Logistics_Car.elf.dir/Mixplus/Src/mixplus.cpp.obj
                0x08010ea4                Serial::write(char*, int)
 .text._ZN6Serial5writeENSt7__cxx1112basic_stringIcSt11char_traitsIcESaIcEEE
                0x08010eb4        0xc CMakeFiles/Logistics_Car.elf.dir/Mixplus/Src/mixplus.cpp.obj
                0x08010eb4                Serial::write(std::__cxx11::basic_string<char, std::char_traits<char>, std::allocator<char> >)
 .text.HAL_TIM_PeriodElapsedCallback
                0x08010ec0       0x34 CMakeFiles/Logistics_Car.elf.dir/Mixplus/Src/mixplus.cpp.obj
                0x08010ec0                HAL_TIM_PeriodElapsedCallback
 .text._ZNSt12_Vector_baseIcSaIcEED2Ev
                0x08010ef4       0x14 CMakeFiles/Logistics_Car.elf.dir/Mixplus/Src/mixplus.cpp.obj
                0x08010ef4                std::_Vector_base<char, std::allocator<char> >::~_Vector_base()
                0x08010ef4                std::_Vector_base<char, std::allocator<char> >::~_Vector_base()
 .text._ZNSt8_Rb_treeIP20__UART_HandleTypeDefSt4pairIKS1_P6SerialESt10_Select1stIS6_ESt4lessIS1_ESaIS6_EE8_M_eraseEPSt13_Rb_tree_nodeIS6_E
                0x08010f08       0x22 CMakeFiles/Logistics_Car.elf.dir/Mixplus/Src/mixplus.cpp.obj
                0x08010f08                std::_Rb_tree<__UART_HandleTypeDef*, std::pair<__UART_HandleTypeDef* const, Serial*>, std::_Select1st<std::pair<__UART_HandleTypeDef* const, Serial*> >, std::less<__UART_HandleTypeDef*>, std::allocator<std::pair<__UART_HandleTypeDef* const, Serial*> > >::_M_erase(std::_Rb_tree_node<std::pair<__UART_HandleTypeDef* const, Serial*> >*)
 .text._ZNSt3mapIP20__UART_HandleTypeDefP6SerialSt4lessIS1_ESaISt4pairIKS1_S3_EEED2Ev
                0x08010f2a        0xe CMakeFiles/Logistics_Car.elf.dir/Mixplus/Src/mixplus.cpp.obj
                0x08010f2a                std::map<__UART_HandleTypeDef*, Serial*, std::less<__UART_HandleTypeDef*>, std::allocator<std::pair<__UART_HandleTypeDef* const, Serial*> > >::~map()
                0x08010f2a                std::map<__UART_HandleTypeDef*, Serial*, std::less<__UART_HandleTypeDef*>, std::allocator<std::pair<__UART_HandleTypeDef* const, Serial*> > >::~map()
 .text._ZNSt7__cxx1112basic_stringIcSt11char_traitsIcESaIcEE12_M_constructIPKcEEvT_S8_St20forward_iterator_tag
                0x08010f38       0x58 CMakeFiles/Logistics_Car.elf.dir/Mixplus/Src/mixplus.cpp.obj
                0x08010f38                void std::__cxx11::basic_string<char, std::char_traits<char>, std::allocator<char> >::_M_construct<char const*>(char const*, char const*, std::forward_iterator_tag)
 .text.loop     0x08010f90       0xf8 CMakeFiles/Logistics_Car.elf.dir/Mixplus/Src/mixplus.cpp.obj
                0x08010f90                loop
 .text._Z6SDTestv
                0x08011088      0x19c CMakeFiles/Logistics_Car.elf.dir/Mixplus/Src/mixplus.cpp.obj
                0x08011088                SDTest()
 .text.setup    0x08011224       0x80 CMakeFiles/Logistics_Car.elf.dir/Mixplus/Src/mixplus.cpp.obj
                0x08011224                setup
 .text._ZNSt8_Rb_treeIP20__UART_HandleTypeDefSt4pairIKS1_P6SerialESt10_Select1stIS6_ESt4lessIS1_ESaIS6_EE24_M_get_insert_unique_posERS3_
                0x080112a4       0x54 CMakeFiles/Logistics_Car.elf.dir/Mixplus/Src/mixplus.cpp.obj
                0x080112a4                std::_Rb_tree<__UART_HandleTypeDef*, std::pair<__UART_HandleTypeDef* const, Serial*>, std::_Select1st<std::pair<__UART_HandleTypeDef* const, Serial*> >, std::less<__UART_HandleTypeDef*>, std::allocator<std::pair<__UART_HandleTypeDef* const, Serial*> > >::_M_get_insert_unique_pos(__UART_HandleTypeDef* const&)
 .text._ZNSt8_Rb_treeIP20__UART_HandleTypeDefSt4pairIKS1_P6SerialESt10_Select1stIS6_ESt4lessIS1_ESaIS6_EE14_M_insert_nodeEPSt18_Rb_tree_node_baseSE_PSt13_Rb_tree_nodeIS6_E
                0x080112f8       0x36 CMakeFiles/Logistics_Car.elf.dir/Mixplus/Src/mixplus.cpp.obj
                0x080112f8                std::_Rb_tree<__UART_HandleTypeDef*, std::pair<__UART_HandleTypeDef* const, Serial*>, std::_Select1st<std::pair<__UART_HandleTypeDef* const, Serial*> >, std::less<__UART_HandleTypeDef*>, std::allocator<std::pair<__UART_HandleTypeDef* const, Serial*> > >::_M_insert_node(std::_Rb_tree_node_base*, std::_Rb_tree_node_base*, std::_Rb_tree_node<std::pair<__UART_HandleTypeDef* const, Serial*> >*)
 .text._ZNSt8_Rb_treeIP20__UART_HandleTypeDefSt4pairIKS1_P6SerialESt10_Select1stIS6_ESt4lessIS1_ESaIS6_EE17_M_emplace_uniqueIJS2_IS1_S5_EEEES2_ISt17_Rb_tree_iteratorIS6_EbEDpOT_
                0x0801132e       0x52 CMakeFiles/Logistics_Car.elf.dir/Mixplus/Src/mixplus.cpp.obj
                0x0801132e                std::pair<std::_Rb_tree_iterator<std::pair<__UART_HandleTypeDef* const, Serial*> >, bool> std::_Rb_tree<__UART_HandleTypeDef*, std::pair<__UART_HandleTypeDef* const, Serial*>, std::_Select1st<std::pair<__UART_HandleTypeDef* const, Serial*> >, std::less<__UART_HandleTypeDef*>, std::allocator<std::pair<__UART_HandleTypeDef* const, Serial*> > >::_M_emplace_unique<std::pair<__UART_HandleTypeDef*, Serial*> >(std::pair<__UART_HandleTypeDef*, Serial*>&&)
 .text._ZN6SerialC2EP20__UART_HandleTypeDef
                0x08011380       0x34 CMakeFiles/Logistics_Car.elf.dir/Mixplus/Src/mixplus.cpp.obj
                0x08011380                Serial::Serial(__UART_HandleTypeDef*)
                0x08011380                Serial::Serial(__UART_HandleTypeDef*)
 .text._Z41__static_initialization_and_destruction_0ii
                0x080113b4       0x9c CMakeFiles/Logistics_Car.elf.dir/Mixplus/Src/mixplus.cpp.obj
 .text._ZNSt6vectorIcSaIcEE17_M_realloc_insertIJcEEEvN9__gnu_cxx17__normal_iteratorIPcS1_EEDpOT_
                0x08011450       0xc8 CMakeFiles/Logistics_Car.elf.dir/Mixplus/Src/mixplus.cpp.obj
                0x08011450                void std::vector<char, std::allocator<char> >::_M_realloc_insert<char>(__gnu_cxx::__normal_iterator<char*, std::vector<char, std::allocator<char> > >, char&&)
 .text._ZNSt6vectorIcSaIcEE12emplace_backIJcEEERcDpOT_
                0x08011518       0x26 CMakeFiles/Logistics_Car.elf.dir/Mixplus/Src/mixplus.cpp.obj
                0x08011518                char& std::vector<char, std::allocator<char> >::emplace_back<char>(char&&)
 .text._ZNSt8_Rb_treeIP20__UART_HandleTypeDefSt4pairIKS1_P6SerialESt10_Select1stIS6_ESt4lessIS1_ESaIS6_EE29_M_get_insert_hint_unique_posESt23_Rb_tree_const_iteratorIS6_ERS3_
                0x0801153e       0xb6 CMakeFiles/Logistics_Car.elf.dir/Mixplus/Src/mixplus.cpp.obj
                0x0801153e                std::_Rb_tree<__UART_HandleTypeDef*, std::pair<__UART_HandleTypeDef* const, Serial*>, std::_Select1st<std::pair<__UART_HandleTypeDef* const, Serial*> >, std::less<__UART_HandleTypeDef*>, std::allocator<std::pair<__UART_HandleTypeDef* const, Serial*> > >::_M_get_insert_hint_unique_pos(std::_Rb_tree_const_iterator<std::pair<__UART_HandleTypeDef* const, Serial*> >, __UART_HandleTypeDef* const&)
 .text._ZNSt8_Rb_treeIP20__UART_HandleTypeDefSt4pairIKS1_P6SerialESt10_Select1stIS6_ESt4lessIS1_ESaIS6_EE22_M_emplace_hint_uniqueIJRKSt21piecewise_construct_tSt5tupleIJRS3_EESH_IJEEEEESt17_Rb_tree_iteratorIS6_ESt23_Rb_tree_const_iteratorIS6_EDpOT_
                0x080115f4       0x4a CMakeFiles/Logistics_Car.elf.dir/Mixplus/Src/mixplus.cpp.obj
                0x080115f4                std::_Rb_tree_iterator<std::pair<__UART_HandleTypeDef* const, Serial*> > std::_Rb_tree<__UART_HandleTypeDef*, std::pair<__UART_HandleTypeDef* const, Serial*>, std::_Select1st<std::pair<__UART_HandleTypeDef* const, Serial*> >, std::less<__UART_HandleTypeDef*>, std::allocator<std::pair<__UART_HandleTypeDef* const, Serial*> > >::_M_emplace_hint_unique<std::piecewise_construct_t const&, std::tuple<__UART_HandleTypeDef* const&>, std::tuple<> >(std::_Rb_tree_const_iterator<std::pair<__UART_HandleTypeDef* const, Serial*> >, std::piecewise_construct_t const&, std::tuple<__UART_HandleTypeDef* const&>&&, std::tuple<>&&)
 .text._ZNSt8_Rb_treeIP20__UART_HandleTypeDefSt4pairIKS1_P6SerialESt10_Select1stIS6_ESt4lessIS1_ESaIS6_EE14_M_lower_boundEPSt13_Rb_tree_nodeIS6_EPSt18_Rb_tree_node_baseRS3_
                0x0801163e       0x1a CMakeFiles/Logistics_Car.elf.dir/Mixplus/Src/mixplus.cpp.obj
                0x0801163e                std::_Rb_tree<__UART_HandleTypeDef*, std::pair<__UART_HandleTypeDef* const, Serial*>, std::_Select1st<std::pair<__UART_HandleTypeDef* const, Serial*> >, std::less<__UART_HandleTypeDef*>, std::allocator<std::pair<__UART_HandleTypeDef* const, Serial*> > >::_M_lower_bound(std::_Rb_tree_node<std::pair<__UART_HandleTypeDef* const, Serial*> >*, std::_Rb_tree_node_base*, __UART_HandleTypeDef* const&)
 .text.HAL_UART_RxCpltCallback
                0x08011658       0x64 CMakeFiles/Logistics_Car.elf.dir/Mixplus/Src/mixplus.cpp.obj
                0x08011658                HAL_UART_RxCpltCallback
 .text._GLOBAL__sub_I__ZN4GPIOC2EP12GPIO_TypeDefs
                0x080116bc        0xe CMakeFiles/Logistics_Car.elf.dir/Mixplus/Src/mixplus.cpp.obj
 *fill*         0x080116ca        0x2 
 .text.MX_USB_DEVICE_Init
                0x080116cc       0x54 CMakeFiles/Logistics_Car.elf.dir/USB_DEVICE/App/usb_device.c.obj
                0x080116cc                MX_USB_DEVICE_Init
 .text.CDC_DeInit_FS
                0x08011720        0x4 CMakeFiles/Logistics_Car.elf.dir/USB_DEVICE/App/usbd_cdc_if.c.obj
 .text.CDC_Control_FS
                0x08011724        0x4 CMakeFiles/Logistics_Car.elf.dir/USB_DEVICE/App/usbd_cdc_if.c.obj
 .text.CDC_Receive_FS
                0x08011728       0x1c CMakeFiles/Logistics_Car.elf.dir/USB_DEVICE/App/usbd_cdc_if.c.obj
 .text.CDC_Init_FS
                0x08011744       0x28 CMakeFiles/Logistics_Car.elf.dir/USB_DEVICE/App/usbd_cdc_if.c.obj
 .text.USBD_FS_DeviceDescriptor
                0x0801176c        0xc CMakeFiles/Logistics_Car.elf.dir/USB_DEVICE/App/usbd_desc.c.obj
                0x0801176c                USBD_FS_DeviceDescriptor
 .text.USBD_FS_LangIDStrDescriptor
                0x08011778        0xc CMakeFiles/Logistics_Car.elf.dir/USB_DEVICE/App/usbd_desc.c.obj
                0x08011778                USBD_FS_LangIDStrDescriptor
 .text.IntToUnicode
                0x08011784       0x46 CMakeFiles/Logistics_Car.elf.dir/USB_DEVICE/App/usbd_desc.c.obj
 *fill*         0x080117ca        0x2 
 .text.Get_SerialNum
                0x080117cc       0x38 CMakeFiles/Logistics_Car.elf.dir/USB_DEVICE/App/usbd_desc.c.obj
 .text.USBD_FS_SerialStrDescriptor
                0x08011804       0x14 CMakeFiles/Logistics_Car.elf.dir/USB_DEVICE/App/usbd_desc.c.obj
                0x08011804                USBD_FS_SerialStrDescriptor
 .text.USBD_FS_ProductStrDescriptor
                0x08011818       0x24 CMakeFiles/Logistics_Car.elf.dir/USB_DEVICE/App/usbd_desc.c.obj
                0x08011818                USBD_FS_ProductStrDescriptor
 .text.USBD_FS_ManufacturerStrDescriptor
                0x0801183c       0x1c CMakeFiles/Logistics_Car.elf.dir/USB_DEVICE/App/usbd_desc.c.obj
                0x0801183c                USBD_FS_ManufacturerStrDescriptor
 .text.USBD_FS_ConfigStrDescriptor
                0x08011858       0x24 CMakeFiles/Logistics_Car.elf.dir/USB_DEVICE/App/usbd_desc.c.obj
                0x08011858                USBD_FS_ConfigStrDescriptor
 .text.USBD_FS_InterfaceStrDescriptor
                0x0801187c       0x24 CMakeFiles/Logistics_Car.elf.dir/USB_DEVICE/App/usbd_desc.c.obj
                0x0801187c                USBD_FS_InterfaceStrDescriptor
 .text.USBD_Get_USB_Status
                0x080118a0       0x14 CMakeFiles/Logistics_Car.elf.dir/USB_DEVICE/Target/usbd_conf.c.obj
 .text.HAL_PCD_MspInit
                0x080118b4       0x50 CMakeFiles/Logistics_Car.elf.dir/USB_DEVICE/Target/usbd_conf.c.obj
                0x080118b4                HAL_PCD_MspInit
 .text.HAL_PCD_SetupStageCallback
                0x08011904       0x10 CMakeFiles/Logistics_Car.elf.dir/USB_DEVICE/Target/usbd_conf.c.obj
                0x08011904                HAL_PCD_SetupStageCallback
 .text.HAL_PCD_DataOutStageCallback
                0x08011914       0x18 CMakeFiles/Logistics_Car.elf.dir/USB_DEVICE/Target/usbd_conf.c.obj
                0x08011914                HAL_PCD_DataOutStageCallback
 .text.HAL_PCD_DataInStageCallback
                0x0801192c       0x16 CMakeFiles/Logistics_Car.elf.dir/USB_DEVICE/Target/usbd_conf.c.obj
                0x0801192c                HAL_PCD_DataInStageCallback
 .text.HAL_PCD_SOFCallback
                0x08011942        0xc CMakeFiles/Logistics_Car.elf.dir/USB_DEVICE/Target/usbd_conf.c.obj
                0x08011942                HAL_PCD_SOFCallback
 .text.HAL_PCD_ResetCallback
                0x0801194e       0x24 CMakeFiles/Logistics_Car.elf.dir/USB_DEVICE/Target/usbd_conf.c.obj
                0x0801194e                HAL_PCD_ResetCallback
 *fill*         0x08011972        0x2 
 .text.HAL_PCD_SuspendCallback
                0x08011974       0x20 CMakeFiles/Logistics_Car.elf.dir/USB_DEVICE/Target/usbd_conf.c.obj
                0x08011974                HAL_PCD_SuspendCallback
 .text.HAL_PCD_ResumeCallback
                0x08011994        0xc CMakeFiles/Logistics_Car.elf.dir/USB_DEVICE/Target/usbd_conf.c.obj
                0x08011994                HAL_PCD_ResumeCallback
 .text.USBD_LL_Init
                0x080119a0       0x84 CMakeFiles/Logistics_Car.elf.dir/USB_DEVICE/Target/usbd_conf.c.obj
                0x080119a0                USBD_LL_Init
 .text.USBD_LL_Start
                0x08011a24       0x10 CMakeFiles/Logistics_Car.elf.dir/USB_DEVICE/Target/usbd_conf.c.obj
                0x08011a24                USBD_LL_Start
 .text.USBD_LL_OpenEP
                0x08011a34       0x16 CMakeFiles/Logistics_Car.elf.dir/USB_DEVICE/Target/usbd_conf.c.obj
                0x08011a34                USBD_LL_OpenEP
 .text.USBD_LL_CloseEP
                0x08011a4a       0x10 CMakeFiles/Logistics_Car.elf.dir/USB_DEVICE/Target/usbd_conf.c.obj
                0x08011a4a                USBD_LL_CloseEP
 .text.USBD_LL_StallEP
                0x08011a5a       0x10 CMakeFiles/Logistics_Car.elf.dir/USB_DEVICE/Target/usbd_conf.c.obj
                0x08011a5a                USBD_LL_StallEP
 .text.USBD_LL_ClearStallEP
                0x08011a6a       0x10 CMakeFiles/Logistics_Car.elf.dir/USB_DEVICE/Target/usbd_conf.c.obj
                0x08011a6a                USBD_LL_ClearStallEP
 .text.USBD_LL_IsStallEP
                0x08011a7a       0x2e CMakeFiles/Logistics_Car.elf.dir/USB_DEVICE/Target/usbd_conf.c.obj
                0x08011a7a                USBD_LL_IsStallEP
 .text.USBD_LL_SetUSBAddress
                0x08011aa8       0x10 CMakeFiles/Logistics_Car.elf.dir/USB_DEVICE/Target/usbd_conf.c.obj
                0x08011aa8                USBD_LL_SetUSBAddress
 .text.USBD_LL_Transmit
                0x08011ab8       0x10 CMakeFiles/Logistics_Car.elf.dir/USB_DEVICE/Target/usbd_conf.c.obj
                0x08011ab8                USBD_LL_Transmit
 .text.USBD_LL_PrepareReceive
                0x08011ac8       0x10 CMakeFiles/Logistics_Car.elf.dir/USB_DEVICE/Target/usbd_conf.c.obj
                0x08011ac8                USBD_LL_PrepareReceive
 .text.USBD_LL_GetRxDataSize
                0x08011ad8        0xc CMakeFiles/Logistics_Car.elf.dir/USB_DEVICE/Target/usbd_conf.c.obj
                0x08011ad8                USBD_LL_GetRxDataSize
 .text.USBD_static_malloc
                0x08011ae4        0x8 CMakeFiles/Logistics_Car.elf.dir/USB_DEVICE/Target/usbd_conf.c.obj
                0x08011ae4                USBD_static_malloc
 .text.USBD_static_free
                0x08011aec        0x2 CMakeFiles/Logistics_Car.elf.dir/USB_DEVICE/Target/usbd_conf.c.obj
                0x08011aec                USBD_static_free
 .text.HAL_PCDEx_SetConnectionState
                0x08011aee        0x2 CMakeFiles/Logistics_Car.elf.dir/USB_DEVICE/Target/usbd_conf.c.obj
                0x08011aee                HAL_PCDEx_SetConnectionState
 .text.__aeabi_atexit
                0x08011af0        0xc e:/armgnu/10 2021.10/bin/../lib/gcc/arm-none-eabi/10.3.1/../../../../arm-none-eabi/lib/thumb/v7-m/nofp\libstdc++.a(atexit_arm.o)
                0x08011af0                __aeabi_atexit
 .text._ZdlPvj  0x08011afc        0x4 e:/armgnu/10 2021.10/bin/../lib/gcc/arm-none-eabi/10.3.1/../../../../arm-none-eabi/lib/thumb/v7-m/nofp\libstdc++.a(del_ops.o)
                0x08011afc                operator delete(void*, unsigned int)
 .text.__cxa_end_cleanup
                0x08011b00        0xc e:/armgnu/10 2021.10/bin/../lib/gcc/arm-none-eabi/10.3.1/../../../../arm-none-eabi/lib/thumb/v7-m/nofp\libstdc++.a(eh_arm.o)
                0x08011b00                __cxa_end_cleanup
 .text.__cxa_type_match
                0x08011b0c       0xb4 e:/armgnu/10 2021.10/bin/../lib/gcc/arm-none-eabi/10.3.1/../../../../arm-none-eabi/lib/thumb/v7-m/nofp\libstdc++.a(eh_arm.o)
                0x08011b0c                __cxa_type_match
 .text.__cxa_begin_cleanup
                0x08011bc0       0x64 e:/armgnu/10 2021.10/bin/../lib/gcc/arm-none-eabi/10.3.1/../../../../arm-none-eabi/lib/thumb/v7-m/nofp\libstdc++.a(eh_arm.o)
                0x08011bc0                __cxa_begin_cleanup
 .text.__gnu_end_cleanup